Archive member included because of file (symbol)

.\CortexM3\ARM_GCC_493\Debug\ZumoBot.a(cyfitter_cfg.o)
                              .\CortexM3\ARM_GCC_493\Debug\Cm3Start.o (cyfitter_cfg)
.\CortexM3\ARM_GCC_493\Debug\ZumoBot.a(PWM.o)
                              .\CortexM3\ARM_GCC_493\Debug\Motor.o (PWM_Stop)
.\CortexM3\ARM_GCC_493\Debug\ZumoBot.a(I2C.o)
                              .\CortexM3\ARM_GCC_493\Debug\Nunchuk.o (I2C_Start)
.\CortexM3\ARM_GCC_493\Debug\ZumoBot.a(I2C_INT.o)
                              .\CortexM3\ARM_GCC_493\Debug\ZumoBot.a(I2C.o) (I2C_ISR)
.\CortexM3\ARM_GCC_493\Debug\ZumoBot.a(I2C_PM.o)
                              .\CortexM3\ARM_GCC_493\Debug\ZumoBot.a(I2C.o) (I2C_backup)
.\CortexM3\ARM_GCC_493\Debug\ZumoBot.a(I2C_MASTER.o)
                              .\CortexM3\ARM_GCC_493\Debug\I2C_made.o (I2C_MasterWriteBuf)
.\CortexM3\ARM_GCC_493\Debug\ZumoBot.a(CyLib.o)
                              .\CortexM3\ARM_GCC_493\Debug\Cm3Start.o (CyHalt)
.\CortexM3\ARM_GCC_493\Debug\ZumoBot.a(cyPm.o)
                              .\CortexM3\ARM_GCC_493\Debug\ZumoBot.a(CyLib.o) (CyPmReadStatus)
.\CortexM3\ARM_GCC_493\Debug\ZumoBot.a(MotorDirLeft.o)
                              .\CortexM3\ARM_GCC_493\Debug\Motor.o (MotorDirLeft_Write)
.\CortexM3\ARM_GCC_493\Debug\ZumoBot.a(MotorDirRight.o)
                              .\CortexM3\ARM_GCC_493\Debug\Motor.o (MotorDirRight_Write)
.\CortexM3\ARM_GCC_493\Debug\ZumoBot.a(IR_led.o)
                              .\CortexM3\ARM_GCC_493\Debug\main.o (IR_led_Write)
.\CortexM3\ARM_GCC_493\Debug\ZumoBot.a(sensor_isr.o)
                              .\CortexM3\ARM_GCC_493\Debug\main.o (sensor_isr_StartEx)
.\CortexM3\ARM_GCC_493\Debug\ZumoBot.a(UART_1.o)
                              .\CortexM3\ARM_GCC_493\Debug\main.o (UART_1_Start)
.\CortexM3\ARM_GCC_493\Debug\ZumoBot.a(ADC_Battery.o)
                              .\CortexM3\ARM_GCC_493\Debug\main.o (ADC_Battery_Start)
.\CortexM3\ARM_GCC_493\Debug\ZumoBot.a(ADC_Battery_INT.o)
                              .\CortexM3\ARM_GCC_493\Debug\ZumoBot.a(ADC_Battery.o) (ADC_Battery_ISR)
.\CortexM3\ARM_GCC_493\Debug\ZumoBot.a(BatteryLed.o)
                              .\CortexM3\ARM_GCC_493\Debug\main.o (BatteryLed_Write)
.\CortexM3\ARM_GCC_493\Debug\ZumoBot.a(IR_receiver.o)
                              .\CortexM3\ARM_GCC_493\Debug\IR.o (IR_receiver_Read)
.\CortexM3\ARM_GCC_493\Debug\ZumoBot.a(Trig.o)
                              .\CortexM3\ARM_GCC_493\Debug\Ultra.o (Trig_Write)
.\CortexM3\ARM_GCC_493\Debug\ZumoBot.a(Timer.o)
                              .\CortexM3\ARM_GCC_493\Debug\Ultra.o (Timer_Stop)
.\CortexM3\ARM_GCC_493\Debug\ZumoBot.a(Echo.o)
                              .\CortexM3\ARM_GCC_493\Debug\Ultra.o (Echo_Read)
.\CortexM3\ARM_GCC_493\Debug\ZumoBot.a(ultra_isr.o)
                              .\CortexM3\ARM_GCC_493\Debug\Ultra.o (ultra_isr_StartEx)
.\CortexM3\ARM_GCC_493\Debug\ZumoBot.a(UART_1_IntClock.o)
                              .\CortexM3\ARM_GCC_493\Debug\ZumoBot.a(UART_1.o) (UART_1_IntClock_Start)
.\CortexM3\ARM_GCC_493\Debug\ZumoBot.a(ADC_Battery_theACLK.o)
                              .\CortexM3\ARM_GCC_493\Debug\ZumoBot.a(ADC_Battery.o) (ADC_Battery_theACLK_SetModeRegister)
.\CortexM3\ARM_GCC_493\Debug\ZumoBot.a(Buzzer_PWM.o)
                              .\CortexM3\ARM_GCC_493\Debug\Beep.o (Buzzer_PWM_Stop)
.\CortexM3\ARM_GCC_493\Debug\ZumoBot.a(L3.o)
                              .\CortexM3\ARM_GCC_493\Debug\Reflectance.o (L3_Write)
.\CortexM3\ARM_GCC_493\Debug\ZumoBot.a(Timer_L3.o)
                              .\CortexM3\ARM_GCC_493\Debug\Reflectance.o (Timer_L3_ReadStatusRegister)
.\CortexM3\ARM_GCC_493\Debug\ZumoBot.a(Timer_R3.o)
                              .\CortexM3\ARM_GCC_493\Debug\Reflectance.o (Timer_R3_ReadStatusRegister)
.\CortexM3\ARM_GCC_493\Debug\ZumoBot.a(Timer_R1.o)
                              .\CortexM3\ARM_GCC_493\Debug\Reflectance.o (Timer_R1_ReadStatusRegister)
.\CortexM3\ARM_GCC_493\Debug\ZumoBot.a(R1.o)
                              .\CortexM3\ARM_GCC_493\Debug\Reflectance.o (R1_Write)
.\CortexM3\ARM_GCC_493\Debug\ZumoBot.a(R3.o)
                              .\CortexM3\ARM_GCC_493\Debug\Reflectance.o (R3_Write)
.\CortexM3\ARM_GCC_493\Debug\ZumoBot.a(Timer_L1.o)
                              .\CortexM3\ARM_GCC_493\Debug\Reflectance.o (Timer_L1_ReadStatusRegister)
.\CortexM3\ARM_GCC_493\Debug\ZumoBot.a(L1.o)
                              .\CortexM3\ARM_GCC_493\Debug\Reflectance.o (L1_Write)
.\CortexM3\ARM_GCC_493\Debug\ZumoBot.a(CyBootAsmGnu.o)
                              .\CortexM3\ARM_GCC_493\Debug\ZumoBot.a(cyfitter_cfg.o) (CyDelayCycles)
.\CortexM3\ARM_GCC_493\Debug\ZumoBot.a(CyFlash.o)
                              .\CortexM3\ARM_GCC_493\Debug\ZumoBot.a(cyPm.o) (CyFlash_SetWaitCycles)
.\CortexM3\ARM_GCC_493\Debug\ZumoBot.a(CySpc.o)
[...]
Memory Configuration

Name             Origin             Length             Attributes
rom              0x00000000         0x00040000         xr
ram              0x1fff8000         0x00010000         xrw
*default*        0x00000000         0xffffffff

Linker script and memory map

LOAD c:/program files (x86)/cypress/psoc creator/4.0/psoc creator/import/gnu/arm/4.9.3/bin/../lib/gcc/arm-none-eabi/4.9.3/armv7-m/crti.o
LOAD c:/program files (x86)/cypress/psoc creator/4.0/psoc creator/import/gnu/arm/4.9.3/bin/../lib/gcc/arm-none-eabi/4.9.3/armv7-m/crtbegin.o
LOAD c:/program files (x86)/cypress/psoc creator/4.0/psoc creator/import/gnu/arm/4.9.3/bin/../lib/gcc/arm-none-eabi/4.9.3/../../../../arm-none-eabi/lib/armv7-m/crt0.o
START GROUP
LOAD .\CortexM3\ARM_GCC_493\Debug\main.o
LOAD .\CortexM3\ARM_GCC_493\Debug\Accel.o
LOAD .\CortexM3\ARM_GCC_493\Debug\Ambient.o
LOAD .\CortexM3\ARM_GCC_493\Debug\Gyro.o
LOAD .\CortexM3\ARM_GCC_493\Debug\I2C_made.o
LOAD .\CortexM3\ARM_GCC_493\Debug\IR.o
LOAD .\CortexM3\ARM_GCC_493\Debug\Magnet.o
LOAD .\CortexM3\ARM_GCC_493\Debug\Motor.o
LOAD .\CortexM3\ARM_GCC_493\Debug\Nunchuk.o
LOAD .\CortexM3\ARM_GCC_493\Debug\Reflectance.o
LOAD .\CortexM3\ARM_GCC_493\Debug\Ultra.o
LOAD .\CortexM3\ARM_GCC_493\Debug\Beep.o
LOAD .\CortexM3\ARM_GCC_493\Debug\cymetadata.o
LOAD .\CortexM3\ARM_GCC_493\Debug\Cm3Start.o
LOAD .\CortexM3\ARM_GCC_493\Debug\ZumoBot.a
LOAD C:\Program Files (x86)\Cypress\PSoC Creator\4.0\PSoC Creator\psoc\content\cycomponentlibrary\CyComponentLibrary.cylib\CortexM3\ARM_GCC_493\Debug\CyComponentLibrary.a
LOAD c:/program files (x86)/cypress/psoc creator/4.0/psoc creator/import/gnu/arm/4.9.3/bin/../lib/gcc/arm-none-eabi/4.9.3/../../../../arm-none-eabi/lib/armv7-m\libm.a
END GROUP
START GROUP
LOAD c:/program files (x86)/cypress/psoc creator/4.0/psoc creator/import/gnu/arm/4.9.3/bin/../lib/gcc/arm-none-eabi/4.9.3/armv7-m\libgcc.a
LOAD c:/program files (x86)/cypress/psoc creator/4.0/psoc creator/import/gnu/arm/4.9.3/bin/../lib/gcc/arm-none-eabi/4.9.3/../../../../arm-none-eabi/lib/armv7-m\libg.a
LOAD c:/program files (x86)/cypress/psoc creator/4.0/psoc creator/import/gnu/arm/4.9.3/bin/../lib/gcc/arm-none-eabi/4.9.3/../../../../arm-none-eabi/lib/armv7-m\libc.a
END GROUP
LOAD c:/program files (x86)/cypress/psoc creator/4.0/psoc creator/import/gnu/arm/4.9.3/bin/../lib/gcc/arm-none-eabi/4.9.3/armv7-m/crtend.o
LOAD c:/program files (x86)/cypress/psoc creator/4.0/psoc creator/import/gnu/arm/4.9.3/bin/../lib/gcc/arm-none-eabi/4.9.3/armv7-m/crtn.o
START GROUP
LOAD c:/program files (x86)/cypress/psoc creator/4.0/psoc creator/import/gnu/arm/4.9.3/bin/../lib/gcc/arm-none-eabi/4.9.3/armv7-m\libgcc.a
LOAD c:/program files (x86)/cypress/psoc creator/4.0/psoc creator/import/gnu/arm/4.9.3/bin/../lib/gcc/arm-none-eabi/4.9.3/../../../../arm-none-eabi/lib/armv7-m\libc.a
LOAD c:/program files (x86)/cypress/psoc creator/4.0/psoc creator/import/gnu/arm/4.9.3/bin/../lib/gcc/arm-none-eabi/4.9.3/../../../../arm-none-eabi/lib/armv7-m\libnosys.a
END GROUP
                0x00000000                CY_APPL_ORIGIN = 0x0
                0x00000100                CY_FLASH_ROW_SIZE = 0x100
                0x00000020                CY_ECC_ROW_SIZE = 0x20
                0x00000000                CY_EE_IN_BTLDR = 0x0
                0x00000000                CY_APPL_LOADABLE = 0x0
                0x00000800                CY_EE_SIZE = 0x800
                0x00000001                CY_APPL_NUM = 0x1
                0x00000001                CY_APPL_MAX = 0x1
                0x00000040                CY_METADATA_SIZE = 0x40
                0x00000000                CY_APPL_LOADABLE = 0x0
                0x00000000                CY_CHECKSUM_EXCLUDE_SIZE = ALIGN (0x0, CY_FLASH_ROW_SIZE)
                0x1fff8a50                PROVIDE (__cy_heap_start, _end)
                0x00000001                PROVIDE (__cy_region_num, ((__cy_regions_end - __cy_regions) / 0x10))
                0x20008000                PROVIDE (__cy_stack, (ORIGIN (ram) + 0x10000))
                0x20007800                PROVIDE (__cy_heap_end, (__cy_stack - 0x800))

.cybootloader   0x00000000        0x0
 *(.cybootloader)
                0x00000000                appl1_start = CY_APPL_ORIGIN?CY_APPL_ORIGIN:ALIGN (CY_FLASH_ROW_SIZE)
                0x0001ff00                appl2_start = (appl1_start + ALIGN ((((0x40000 - appl1_start) - (0x2 * CY_FLASH_ROW_SIZE)) / 0x2), CY_FLASH_ROW_SIZE))
                0x00000000                appl_start = (CY_APPL_NUM == 0x1)?appl1_start:appl2_start
                0x00000000                ecc_offset = ((appl_start / CY_FLASH_ROW_SIZE) * CY_ECC_ROW_SIZE)
                0x00000000                ee_offset = (CY_APPL_LOADABLE && ! (CY_EE_IN_BTLDR))?((CY_EE_SIZE / CY_APPL_MAX) * (CY_APPL_NUM - 0x1)):0x0
                0x00000800                ee_size = (CY_APPL_LOADABLE && ! (CY_EE_IN_BTLDR))?(CY_EE_SIZE / CY_APPL_MAX):CY_EE_SIZE
                0x00000000                PROVIDE (CY_ECC_OFFSET, ecc_offset)

.text           0x00000000     0x77e8
 CREATE_OBJECT_SYMBOLS
                0x00000000                PROVIDE (__cy_interrupt_vector, RomVectors)
 *(.romvectors)
 .romvectors    0x00000000       0x10 .\CortexM3\ARM_GCC_493\Debug\Cm3Start.o
                0x00000000                RomVectors
                0x00000001                ASSERT ((. != __cy_interrupt_vector), No interrupt vector)
                0x00000001                ASSERT (CY_APPL_ORIGIN?(SIZEOF (.cybootloader) <= CY_APPL_ORIGIN):0x1, Wrong image location)
                0x00000010                PROVIDE (__cy_reset, Reset)
 *(.text.Reset)
 .text.Reset    0x00000010       0x18 .\CortexM3\ARM_GCC_493\Debug\Cm3Start.o
                0x00000010                Reset
                0x00000001                ASSERT ((. != __cy_reset), No reset code)
 *(.dma_init)
                0x00000001                ASSERT ((((appl_start + .) <= 0x10000) || 0x1), DMA Init must be within the first 64k of flash)
 *(.text .text.* .gnu.linkonce.t.*)
 .text          0x00000028       0x5c c:/program files (x86)/cypress/psoc creator/4.0/psoc creator/import/gnu/arm/4.9.3/bin/../lib/gcc/arm-none-eabi/4.9.3/armv7-m/crtbegin.o
 .text.main     0x00000084      0x62c .\CortexM3\ARM_GCC_493\Debug\main.o
                0x00000084                main
 .text._write   0x000006b0       0x2c .\CortexM3\ARM_GCC_493\Debug\main.o
                0x000006b0                _write
 .text._read    0x000006dc       0x38 .\CortexM3\ARM_GCC_493\Debug\main.o
                0x000006dc                _read
 .text.wait_going_down
                0x00000714        0xc .\CortexM3\ARM_GCC_493\Debug\IR.o
                0x00000714                wait_going_down
 .text.count_downtime
                0x00000720       0x14 .\CortexM3\ARM_GCC_493\Debug\IR.o
                0x00000720                count_downtime
 .text.count_uptime
                0x00000734       0x14 .\CortexM3\ARM_GCC_493\Debug\IR.o
                0x00000734                count_uptime
 .text.get_IR   0x00000748       0x90 .\CortexM3\ARM_GCC_493\Debug\IR.o
                0x00000748                get_IR
 .text.motor_start
                0x000007d8        0x8 .\CortexM3\ARM_GCC_493\Debug\Motor.o
                0x000007d8                motor_start
 .text.motor_stop
                0x000007e0        0x8 .\CortexM3\ARM_GCC_493\Debug\Motor.o
                0x000007e0                motor_stop
 .text.motor_forward
                0x000007e8       0x28 .\CortexM3\ARM_GCC_493\Debug\Motor.o
                0x000007e8                motor_forward
 .text.motor_turn
                0x00000810       0x44 .\CortexM3\ARM_GCC_493\Debug\Motor.o
                0x00000810                motor_turn
 .text.motor_static_turn_l
                0x00000854       0x24 .\CortexM3\ARM_GCC_493\Debug\Motor.o
                0x00000854                motor_static_turn_l
 .text.sensor_isr_handler
                0x00000878       0xf8 .\CortexM3\ARM_GCC_493\Debug\Reflectance.o
                0x00000878                sensor_isr_handler
 .text.reflectance_start
                0x00000970       0x14 .\CortexM3\ARM_GCC_493\Debug\Reflectance.o
                0x00000970                reflectance_start
 .text.reflectance_read
                0x00000984       0x10 .\CortexM3\ARM_GCC_493\Debug\Reflectance.o
                0x00000984                reflectance_read
 .text.reflectance_digital
                0x00000994       0x6c .\CortexM3\ARM_GCC_493\Debug\Reflectance.o
                0x00000994                reflectance_digital
 .text.reflectance_set_threshold
                0x00000a00       0x18 .\CortexM3\ARM_GCC_493\Debug\Reflectance.o
                0x00000a00                reflectance_set_threshold
 .text.SYS_ISR  0x00000a18       0x38 .\CortexM3\ARM_GCC_493\Debug\Ultra.o
                0x00000a18                SYS_ISR
 .text.ultra_isr_handler
                0x00000a50       0x60 .\CortexM3\ARM_GCC_493\Debug\Ultra.o
                0x00000a50                ultra_isr_handler
 .text.Ultra_Start
                0x00000ab0       0x40 .\CortexM3\ARM_GCC_493\Debug\Ultra.o
                0x00000ab0                Ultra_Start
 .text.Beep     0x00000af0       0x24 .\CortexM3\ARM_GCC_493\Debug\Beep.o
                0x00000af0                Beep
 .text.IntDefaultHandler
                0x00000b14       0x10 .\CortexM3\ARM_GCC_493\Debug\Cm3Start.o
                0x00000b14                IntDefaultHandler
 .text._sbrk    0x00000b24       0x30 .\CortexM3\ARM_GCC_493\Debug\Cm3Start.o
                0x00000b24                _sbrk
 .text.Start_c  0x00000b54       0x4c .\CortexM3\ARM_GCC_493\Debug\Cm3Start.o
                0x00000b54                Start_c
 .text.initialize_psoc
                0x00000ba0       0x74 .\CortexM3\ARM_GCC_493\Debug\Cm3Start.o
                0x00000ba0                initialize_psoc
 .text.CyClockStartupError
                0x00000c14        0x4 .\CortexM3\ARM_GCC_493\Debug\ZumoBot.a(cyfitter_cfg.o)
 .text.cfg_write_bytes32
                0x00000c18       0x34 .\CortexM3\ARM_GCC_493\Debug\ZumoBot.a(cyfitter_cfg.o)
 .text.CYMEMZERO
                0x00000c4c        0xc .\CortexM3\ARM_GCC_493\Debug\ZumoBot.a(cyfitter_cfg.o)
 .text.ClockSetup
                0x00000c58       0xf0 .\CortexM3\ARM_GCC_493\Debug\ZumoBot.a(cyfitter_cfg.o)
 .text.AnalogSetDefault
                0x00000d48       0x80 .\CortexM3\ARM_GCC_493\Debug\ZumoBot.a(cyfitter_cfg.o)
 .text.CYCONFIGCPY
                0x00000dc8        0x8 .\CortexM3\ARM_GCC_493\Debug\ZumoBot.a(cyfitter_cfg.o)
 .text.cyfitter_cfg
                0x00000dd0      0x144 .\CortexM3\ARM_GCC_493\Debug\ZumoBot.a(cyfitter_cfg.o)
                0x00000dd0                cyfitter_cfg
 .text.PWM_Enable
                0x00000f14       0x10 .\CortexM3\ARM_GCC_493\Debug\ZumoBot.a(PWM.o)
                0x00000f14                PWM_Enable
 .text.PWM_Stop
                0x00000f24       0x10 .\CortexM3\ARM_GCC_493\Debug\ZumoBot.a(PWM.o)
                0x00000f24                PWM_Stop
 .text.PWM_WriteCounter
                0x00000f34        0xc .\CortexM3\ARM_GCC_493\Debug\ZumoBot.a(PWM.o)
                0x00000f34                PWM_WriteCounter
 .text.PWM_WritePeriod
                0x00000f40        0xc .\CortexM3\ARM_GCC_493\Debug\ZumoBot.a(PWM.o)
                0x00000f40                PWM_WritePeriod
 .text.PWM_WriteCompare1
                0x00000f4c        0xc .\CortexM3\ARM_GCC_493\Debug\ZumoBot.a(PWM.o)
                0x00000f4c                PWM_WriteCompare1
 .text.PWM_WriteCompare2
                0x00000f58        0xc .\CortexM3\ARM_GCC_493\Debug\ZumoBot.a(PWM.o)
                0x00000f58                PWM_WriteCompare2
 .text.PWM_SetInterruptMode
                0x00000f64        0xc .\CortexM3\ARM_GCC_493\Debug\ZumoBot.a(PWM.o)
                0x00000f64                PWM_SetInterruptMode
 .text.PWM_ReadStatusRegister
                0x00000f70        0xc .\CortexM3\ARM_GCC_493\Debug\ZumoBot.a(PWM.o)
                0x00000f70                PWM_ReadStatusRegister
 .text.PWM_ReadCapture
                0x00000f7c        0xc .\CortexM3\ARM_GCC_493\Debug\ZumoBot.a(PWM.o)
                0x00000f7c                PWM_ReadCapture
 .text.PWM_ClearFIFO
                0x00000f88       0x14 .\CortexM3\ARM_GCC_493\Debug\ZumoBot.a(PWM.o)
                0x00000f88                PWM_ClearFIFO
 .text.PWM_Init
                0x00000f9c       0x58 .\CortexM3\ARM_GCC_493\Debug\ZumoBot.a(PWM.o)
                0x00000f9c                PWM_Init
 .text.PWM_Start
                0x00000ff4       0x1c .\CortexM3\ARM_GCC_493\Debug\ZumoBot.a(PWM.o)
                0x00000ff4                PWM_Start
 .text.CyHalt   0x00001010        0x4 .\CortexM3\ARM_GCC_493\Debug\ZumoBot.a(CyLib.o)
                0x00001010                CyHalt
 .text.CyDelay  0x00001014       0x2c .\CortexM3\ARM_GCC_493\Debug\ZumoBot.a(CyLib.o)
                0x00001014                CyDelay
 .text.CyDelayUs
                0x00001040       0x14 .\CortexM3\ARM_GCC_493\Debug\ZumoBot.a(CyLib.o)
                0x00001040                CyDelayUs
 .text.CyIntSetSysVector
                0x00001054       0x28 .\CortexM3\ARM_GCC_493\Debug\ZumoBot.a(CyLib.o)
                0x00001054                CyIntSetSysVector
 .text.CyIntSetVector
                0x0000107c       0x28 .\CortexM3\ARM_GCC_493\Debug\ZumoBot.a(CyLib.o)
                0x0000107c                CyIntSetVector
 .text.CyIntSetPriority
                0x000010a4       0x30 .\CortexM3\ARM_GCC_493\Debug\ZumoBot.a(CyLib.o)
                0x000010a4                CyIntSetPriority
 .text.MotorDirLeft_Write
                0x000010d4       0x18 .\CortexM3\ARM_GCC_493\Debug\ZumoBot.a(MotorDirLeft.o)
                0x000010d4                MotorDirLeft_Write
 .text.MotorDirRight_Write
                0x000010ec       0x18 .\CortexM3\ARM_GCC_493\Debug\ZumoBot.a(MotorDirRight.o)
                0x000010ec                MotorDirRight_Write
 .text.IR_led_Write
                0x00001104       0x18 .\CortexM3\ARM_GCC_493\Debug\ZumoBot.a(IR_led.o)
                0x00001104                IR_led_Write
 .text.sensor_isr_SetVector
                0x0000111c        0xc .\CortexM3\ARM_GCC_493\Debug\ZumoBot.a(sensor_isr.o)
                0x0000111c                sensor_isr_SetVector
 .text.sensor_isr_SetPriority
                0x00001128       0x10 .\CortexM3\ARM_GCC_493\Debug\ZumoBot.a(sensor_isr.o)
                0x00001128                sensor_isr_SetPriority
 .text.sensor_isr_Enable
                0x00001138        0xc .\CortexM3\ARM_GCC_493\Debug\ZumoBot.a(sensor_isr.o)
                0x00001138                sensor_isr_Enable
 .text.sensor_isr_Disable
                0x00001144        0xc .\CortexM3\ARM_GCC_493\Debug\ZumoBot.a(sensor_isr.o)
                0x00001144                sensor_isr_Disable
 .text.sensor_isr_StartEx
                0x00001150       0x1c .\CortexM3\ARM_GCC_493\Debug\ZumoBot.a(sensor_isr.o)
                0x00001150                sensor_isr_StartEx
 .text.UART_1_Init
                0x0000116c       0x28 .\CortexM3\ARM_GCC_493\Debug\ZumoBot.a(UART_1.o)
                0x0000116c                UART_1_Init
 .text.UART_1_Enable
                0x00001194       0x38 .\CortexM3\ARM_GCC_493\Debug\ZumoBot.a(UART_1.o)
                0x00001194                UART_1_Enable
 .text.UART_1_Start
                0x000011cc       0x1c .\CortexM3\ARM_GCC_493\Debug\ZumoBot.a(UART_1.o)
                0x000011cc                UART_1_Start
 .text.UART_1_GetChar
                0x000011e8       0x2c .\CortexM3\ARM_GCC_493\Debug\ZumoBot.a(UART_1.o)
                0x000011e8                UART_1_GetChar
 .text.UART_1_PutChar
                0x00001214       0x18 .\CortexM3\ARM_GCC_493\Debug\ZumoBot.a(UART_1.o)
                0x00001214                UART_1_PutChar
 .text.ADC_Battery_CalcGain
                0x0000122c       0x64 .\CortexM3\ARM_GCC_493\Debug\ZumoBot.a(ADC_Battery.o)
 .text.ADC_Battery_Enable
                0x00001290       0x94 .\CortexM3\ARM_GCC_493\Debug\ZumoBot.a(ADC_Battery.o)
                0x00001290                ADC_Battery_Enable
 .text.ADC_Battery_SetResolution
                0x00001324       0x38 .\CortexM3\ARM_GCC_493\Debug\ZumoBot.a(ADC_Battery.o)
                0x00001324                ADC_Battery_SetResolution
 .text.ADC_Battery_Init
                0x0000135c       0x3c .\CortexM3\ARM_GCC_493\Debug\ZumoBot.a(ADC_Battery.o)
                0x0000135c                ADC_Battery_Init
 .text.ADC_Battery_Start
                0x00001398       0x1c .\CortexM3\ARM_GCC_493\Debug\ZumoBot.a(ADC_Battery.o)
                0x00001398                ADC_Battery_Start
 .text.ADC_Battery_StartConvert
                0x000013b4       0x10 .\CortexM3\ARM_GCC_493\Debug\ZumoBot.a(ADC_Battery.o)
                0x000013b4                ADC_Battery_StartConvert
 .text.ADC_Battery_IsEndConversion
                0x000013c4       0x24 .\CortexM3\ARM_GCC_493\Debug\ZumoBot.a(ADC_Battery.o)
                0x000013c4                ADC_Battery_IsEndConversion
 .text.ADC_Battery_GetResult16
                0x000013e8       0x18 .\CortexM3\ARM_GCC_493\Debug\ZumoBot.a(ADC_Battery.o)
                0x000013e8                ADC_Battery_GetResult16
 .text.ADC_Battery_CountsTo_Volts
                0x00001400       0x50 .\CortexM3\ARM_GCC_493\Debug\ZumoBot.a(ADC_Battery.o)
                0x00001400                ADC_Battery_CountsTo_Volts
 .text.ADC_Battery_ISR
                0x00001450        0x4 .\CortexM3\ARM_GCC_493\Debug\ZumoBot.a(ADC_Battery_INT.o)
                0x00001450                ADC_Battery_ISR
 .text.BatteryLed_Write
                0x00001454       0x18 .\CortexM3\ARM_GCC_493\Debug\ZumoBot.a(BatteryLed.o)
                0x00001454                BatteryLed_Write
 .text.IR_receiver_Read
                0x0000146c        0xc .\CortexM3\ARM_GCC_493\Debug\ZumoBot.a(IR_receiver.o)
                0x0000146c                IR_receiver_Read
 .text.Trig_Write
                0x00001478       0x18 .\CortexM3\ARM_GCC_493\Debug\ZumoBot.a(Trig.o)
                0x00001478                Trig_Write
 .text.Timer_Stop
                0x00001490        0x4 .\CortexM3\ARM_GCC_493\Debug\ZumoBot.a(Timer.o)
                0x00001490                Timer_Stop
 .text.Timer_SetInterruptMode
                0x00001494        0xc .\CortexM3\ARM_GCC_493\Debug\ZumoBot.a(Timer.o)
                0x00001494                Timer_SetInterruptMode
 .text.Timer_ReadStatusRegister
                0x000014a0        0xc .\CortexM3\ARM_GCC_493\Debug\ZumoBot.a(Timer.o)
                0x000014a0                Timer_ReadStatusRegister
 .text.Timer_WritePeriod
                0x000014ac        0xc .\CortexM3\ARM_GCC_493\Debug\ZumoBot.a(Timer.o)
                0x000014ac                Timer_WritePeriod
 .text.Timer_ReadCapture
                0x000014b8        0xc .\CortexM3\ARM_GCC_493\Debug\ZumoBot.a(Timer.o)
                0x000014b8                Timer_ReadCapture
 .text.Timer_WriteCounter
                0x000014c4        0xc .\CortexM3\ARM_GCC_493\Debug\ZumoBot.a(Timer.o)
                0x000014c4                Timer_WriteCounter
 .text.Timer_ReadCounter
                0x000014d0       0x14 .\CortexM3\ARM_GCC_493\Debug\ZumoBot.a(Timer.o)
                0x000014d0                Timer_ReadCounter
 .text.Timer_ClearFIFO
                0x000014e4       0x14 .\CortexM3\ARM_GCC_493\Debug\ZumoBot.a(Timer.o)
                0x000014e4                Timer_ClearFIFO
 .text.Timer_Init
                0x000014f8       0x34 .\CortexM3\ARM_GCC_493\Debug\ZumoBot.a(Timer.o)
                0x000014f8                Timer_Init
 .text.Timer_Start
                0x0000152c       0x18 .\CortexM3\ARM_GCC_493\Debug\ZumoBot.a(Timer.o)
                0x0000152c                Timer_Start
 .text.Echo_Read
                0x00001544       0x10 .\CortexM3\ARM_GCC_493\Debug\ZumoBot.a(Echo.o)
                0x00001544                Echo_Read
 .text.ultra_isr_SetVector
                0x00001554        0xc .\CortexM3\ARM_GCC_493\Debug\ZumoBot.a(ultra_isr.o)
                0x00001554                ultra_isr_SetVector
 .text.ultra_isr_SetPriority
                0x00001560       0x10 .\CortexM3\ARM_GCC_493\Debug\ZumoBot.a(ultra_isr.o)
                0x00001560                ultra_isr_SetPriority
 .text.ultra_isr_Enable
                0x00001570        0xc .\CortexM3\ARM_GCC_493\Debug\ZumoBot.a(ultra_isr.o)
                0x00001570                ultra_isr_Enable
 .text.ultra_isr_Disable
                0x0000157c        0xc .\CortexM3\ARM_GCC_493\Debug\ZumoBot.a(ultra_isr.o)
                0x0000157c                ultra_isr_Disable
 .text.ultra_isr_StartEx
                0x00001588       0x1c .\CortexM3\ARM_GCC_493\Debug\ZumoBot.a(ultra_isr.o)
                0x00001588                ultra_isr_StartEx
 .text.UART_1_IntClock_Start
                0x000015a4       0x1c .\CortexM3\ARM_GCC_493\Debug\ZumoBot.a(UART_1_IntClock.o)
                0x000015a4                UART_1_IntClock_Start
 .text.ADC_Battery_theACLK_SetModeRegister
                0x000015c0       0x14 .\CortexM3\ARM_GCC_493\Debug\ZumoBot.a(ADC_Battery_theACLK.o)
                0x000015c0                ADC_Battery_theACLK_SetModeRegister
 .text.Buzzer_PWM_Enable
                0x000015d4       0x10 .\CortexM3\ARM_GCC_493\Debug\ZumoBot.a(Buzzer_PWM.o)
                0x000015d4                Buzzer_PWM_Enable
 .text.Buzzer_PWM_Stop
                0x000015e4       0x10 .\CortexM3\ARM_GCC_493\Debug\ZumoBot.a(Buzzer_PWM.o)
                0x000015e4                Buzzer_PWM_Stop
 .text.Buzzer_PWM_WriteCounter
                0x000015f4        0xc .\CortexM3\ARM_GCC_493\Debug\ZumoBot.a(Buzzer_PWM.o)
                0x000015f4                Buzzer_PWM_WriteCounter
 .text.Buzzer_PWM_WritePeriod
                0x00001600        0xc .\CortexM3\ARM_GCC_493\Debug\ZumoBot.a(Buzzer_PWM.o)
                0x00001600                Buzzer_PWM_WritePeriod
 .text.Buzzer_PWM_WriteCompare
                0x0000160c        0xc .\CortexM3\ARM_GCC_493\Debug\ZumoBot.a(Buzzer_PWM.o)
                0x0000160c                Buzzer_PWM_WriteCompare
 .text.Buzzer_PWM_Init
                0x00001618       0x34 .\CortexM3\ARM_GCC_493\Debug\ZumoBot.a(Buzzer_PWM.o)
                0x00001618                Buzzer_PWM_Init
 .text.Buzzer_PWM_Start
                0x0000164c       0x1c .\CortexM3\ARM_GCC_493\Debug\ZumoBot.a(Buzzer_PWM.o)
                0x0000164c                Buzzer_PWM_Start
 .text.L3_Write
                0x00001668       0x18 .\CortexM3\ARM_GCC_493\Debug\ZumoBot.a(L3.o)
                0x00001668                L3_Write
 .text.L3_SetDriveMode
                0x00001680       0x18 .\CortexM3\ARM_GCC_493\Debug\ZumoBot.a(L3.o)
                0x00001680                L3_SetDriveMode
 .text.Timer_L3_Enable
                0x00001698       0x28 .\CortexM3\ARM_GCC_493\Debug\ZumoBot.a(Timer_L3.o)
                0x00001698                Timer_L3_Enable
 .text.Timer_L3_SetInterruptMode
                0x000016c0        0xc .\CortexM3\ARM_GCC_493\Debug\ZumoBot.a(Timer_L3.o)
                0x000016c0                Timer_L3_SetInterruptMode
 .text.Timer_L3_ReadStatusRegister
                0x000016cc        0xc .\CortexM3\ARM_GCC_493\Debug\ZumoBot.a(Timer_L3.o)
                0x000016cc                Timer_L3_ReadStatusRegister
 .text.Timer_L3_ReadPeriod
                0x000016d8        0xc .\CortexM3\ARM_GCC_493\Debug\ZumoBot.a(Timer_L3.o)
                0x000016d8                Timer_L3_ReadPeriod
 .text.Timer_L3_WritePeriod
                0x000016e4        0xc .\CortexM3\ARM_GCC_493\Debug\ZumoBot.a(Timer_L3.o)
                0x000016e4                Timer_L3_WritePeriod
 .text.Timer_L3_ReadCapture
                0x000016f0        0xc .\CortexM3\ARM_GCC_493\Debug\ZumoBot.a(Timer_L3.o)
                0x000016f0                Timer_L3_ReadCapture
 .text.Timer_L3_WriteCounter
                0x000016fc        0xc .\CortexM3\ARM_GCC_493\Debug\ZumoBot.a(Timer_L3.o)
                0x000016fc                Timer_L3_WriteCounter
 .text.Timer_L3_Init
                0x00001708       0x68 .\CortexM3\ARM_GCC_493\Debug\ZumoBot.a(Timer_L3.o)
                0x00001708                Timer_L3_Init
 .text.Timer_L3_Start
                0x00001770       0x1c .\CortexM3\ARM_GCC_493\Debug\ZumoBot.a(Timer_L3.o)
                0x00001770                Timer_L3_Start
 .text.Timer_R3_Enable
                0x0000178c       0x28 .\CortexM3\ARM_GCC_493\Debug\ZumoBot.a(Timer_R3.o)
                0x0000178c                Timer_R3_Enable
 .text.Timer_R3_SetInterruptMode
                0x000017b4        0xc .\CortexM3\ARM_GCC_493\Debug\ZumoBot.a(Timer_R3.o)
                0x000017b4                Timer_R3_SetInterruptMode
 .text.Timer_R3_ReadStatusRegister
                0x000017c0        0xc .\CortexM3\ARM_GCC_493\Debug\ZumoBot.a(Timer_R3.o)
                0x000017c0                Timer_R3_ReadStatusRegister
 .text.Timer_R3_ReadPeriod
                0x000017cc        0xc .\CortexM3\ARM_GCC_493\Debug\ZumoBot.a(Timer_R3.o)
                0x000017cc                Timer_R3_ReadPeriod
 .text.Timer_R3_WritePeriod
                0x000017d8        0xc .\CortexM3\ARM_GCC_493\Debug\ZumoBot.a(Timer_R3.o)
                0x000017d8                Timer_R3_WritePeriod
 .text.Timer_R3_ReadCapture
                0x000017e4        0xc .\CortexM3\ARM_GCC_493\Debug\ZumoBot.a(Timer_R3.o)
                0x000017e4                Timer_R3_ReadCapture
 .text.Timer_R3_WriteCounter
                0x000017f0        0xc .\CortexM3\ARM_GCC_493\Debug\ZumoBot.a(Timer_R3.o)
                0x000017f0                Timer_R3_WriteCounter
 .text.Timer_R3_Init
                0x000017fc       0x68 .\CortexM3\ARM_GCC_493\Debug\ZumoBot.a(Timer_R3.o)
                0x000017fc                Timer_R3_Init
 .text.Timer_R3_Start
                0x00001864       0x1c .\CortexM3\ARM_GCC_493\Debug\ZumoBot.a(Timer_R3.o)
                0x00001864                Timer_R3_Start
 .text.Timer_R1_Enable
                0x00001880       0x28 .\CortexM3\ARM_GCC_493\Debug\ZumoBot.a(Timer_R1.o)
                0x00001880                Timer_R1_Enable
 .text.Timer_R1_SetInterruptMode
                0x000018a8        0xc .\CortexM3\ARM_GCC_493\Debug\ZumoBot.a(Timer_R1.o)
                0x000018a8                Timer_R1_SetInterruptMode
 .text.Timer_R1_ReadStatusRegister
                0x000018b4        0xc .\CortexM3\ARM_GCC_493\Debug\ZumoBot.a(Timer_R1.o)
                0x000018b4                Timer_R1_ReadStatusRegister
 .text.Timer_R1_ReadPeriod
                0x000018c0        0xc .\CortexM3\ARM_GCC_493\Debug\ZumoBot.a(Timer_R1.o)
                0x000018c0                Timer_R1_ReadPeriod
 .text.Timer_R1_WritePeriod
                0x000018cc        0xc .\CortexM3\ARM_GCC_493\Debug\ZumoBot.a(Timer_R1.o)
                0x000018cc                Timer_R1_WritePeriod
 .text.Timer_R1_ReadCapture
                0x000018d8        0xc .\CortexM3\ARM_GCC_493\Debug\ZumoBot.a(Timer_R1.o)
                0x000018d8                Timer_R1_ReadCapture
 .text.Timer_R1_WriteCounter
                0x000018e4        0xc .\CortexM3\ARM_GCC_493\Debug\ZumoBot.a(Timer_R1.o)
                0x000018e4                Timer_R1_WriteCounter
 .text.Timer_R1_Init
                0x000018f0       0x68 .\CortexM3\ARM_GCC_493\Debug\ZumoBot.a(Timer_R1.o)
                0x000018f0                Timer_R1_Init
 .text.Timer_R1_Start
                0x00001958       0x1c .\CortexM3\ARM_GCC_493\Debug\ZumoBot.a(Timer_R1.o)
                0x00001958                Timer_R1_Start
 .text.R1_Write
                0x00001974       0x18 .\CortexM3\ARM_GCC_493\Debug\ZumoBot.a(R1.o)
                0x00001974                R1_Write
 .text.R1_SetDriveMode
                0x0000198c       0x18 .\CortexM3\ARM_GCC_493\Debug\ZumoBot.a(R1.o)
                0x0000198c                R1_SetDriveMode
 .text.R3_Write
                0x000019a4       0x18 .\CortexM3\ARM_GCC_493\Debug\ZumoBot.a(R3.o)
                0x000019a4                R3_Write
 .text.R3_SetDriveMode
                0x000019bc       0x18 .\CortexM3\ARM_GCC_493\Debug\ZumoBot.a(R3.o)
                0x000019bc                R3_SetDriveMode
 .text.Timer_L1_Enable
                0x000019d4       0x28 .\CortexM3\ARM_GCC_493\Debug\ZumoBot.a(Timer_L1.o)
                0x000019d4                Timer_L1_Enable
 .text.Timer_L1_SetInterruptMode
                0x000019fc        0xc .\CortexM3\ARM_GCC_493\Debug\ZumoBot.a(Timer_L1.o)
                0x000019fc                Timer_L1_SetInterruptMode
 .text.Timer_L1_ReadStatusRegister
                0x00001a08        0xc .\CortexM3\ARM_GCC_493\Debug\ZumoBot.a(Timer_L1.o)
                0x00001a08                Timer_L1_ReadStatusRegister
 .text.Timer_L1_ReadPeriod
                0x00001a14        0xc .\CortexM3\ARM_GCC_493\Debug\ZumoBot.a(Timer_L1.o)
                0x00001a14                Timer_L1_ReadPeriod
 .text.Timer_L1_WritePeriod
                0x00001a20        0xc .\CortexM3\ARM_GCC_493\Debug\ZumoBot.a(Timer_L1.o)
                0x00001a20                Timer_L1_WritePeriod
 .text.Timer_L1_ReadCapture
                0x00001a2c        0xc .\CortexM3\ARM_GCC_493\Debug\ZumoBot.a(Timer_L1.o)
                0x00001a2c                Timer_L1_ReadCapture
 .text.Timer_L1_WriteCounter
                0x00001a38        0xc .\CortexM3\ARM_GCC_493\Debug\ZumoBot.a(Timer_L1.o)
                0x00001a38                Timer_L1_WriteCounter
 .text.Timer_L1_Init
                0x00001a44       0x68 .\CortexM3\ARM_GCC_493\Debug\ZumoBot.a(Timer_L1.o)
                0x00001a44                Timer_L1_Init
 .text.Timer_L1_Start
                0x00001aac       0x1c .\CortexM3\ARM_GCC_493\Debug\ZumoBot.a(Timer_L1.o)
                0x00001aac                Timer_L1_Start
 .text.L1_Write
                0x00001ac8       0x18 .\CortexM3\ARM_GCC_493\Debug\ZumoBot.a(L1.o)
                0x00001ac8                L1_Write
 .text.L1_SetDriveMode
                0x00001ae0       0x18 .\CortexM3\ARM_GCC_493\Debug\ZumoBot.a(L1.o)
                0x00001ae0                L1_SetDriveMode
 .text          0x00001af8       0x20 .\CortexM3\ARM_GCC_493\Debug\ZumoBot.a(CyBootAsmGnu.o)
                0x00001af8                CyDelayCycles
                0x00001b08                CyEnterCriticalSection
                0x00001b10                CyExitCriticalSection
 .text.__fpclassifyd
                0x00001b18       0x58 c:/program files (x86)/cypress/psoc creator/4.0/psoc creator/import/gnu/arm/4.9.3/bin/../lib/gcc/arm-none-eabi/4.9.3/../../../../arm-none-eabi/lib/armv7-m\libm.a(lib_a-s_fpclassify.o)
                0x00001b18                __fpclassifyd
 .text          0x00001b70      0x370 c:/program files (x86)/cypress/psoc creator/4.0/psoc creator/import/gnu/arm/4.9.3/bin/../lib/gcc/arm-none-eabi/4.9.3/armv7-m\libgcc.a(_arm_addsubdf3.o)
                0x00001b70                __aeabi_drsub
                0x00001b78                __aeabi_dsub
                0x00001b78                __subdf3
                0x00001b7c                __aeabi_dadd
                0x00001b7c                __adddf3
                0x00001df4                __floatunsidf
                0x00001df4                __aeabi_ui2d
                0x00001e14                __floatsidf
                0x00001e14                __aeabi_i2d
                0x00001e38                __aeabi_f2d
                0x00001e38                __extendsfdf2
                0x00001e74                __floatundidf
                0x00001e74                __aeabi_ul2d
                0x00001e84                __floatdidf
                0x00001e84                __aeabi_l2d
 .text          0x00001ee0      0x424 c:/program files (x86)/cypress/psoc creator/4.0/psoc creator/import/gnu/arm/4.9.3/bin/../lib/gcc/arm-none-eabi/4.9.3/armv7-m\libgcc.a(_arm_muldivdf3.o)
                0x00001ee0                __aeabi_dmul
                0x00001ee0                __muldf3
                0x00002134                __divdf3
                0x00002134                __aeabi_ddiv
 .text          0x00002304      0x110 c:/program files (x86)/cypress/psoc creator/4.0/psoc creator/import/gnu/arm/4.9.3/bin/../lib/gcc/arm-none-eabi/4.9.3/armv7-m\libgcc.a(_arm_cmpdf2.o)
                0x00002304                __gtdf2
                0x00002304                __gedf2
                0x0000230c                __ltdf2
                0x0000230c                __ledf2
                0x00002314                __nedf2
                0x00002314                __eqdf2
                0x00002314                __cmpdf2
                0x00002390                __aeabi_cdrcmple
                0x000023a0                __aeabi_cdcmpeq
                0x000023a0                __aeabi_cdcmple
                0x000023b0                __aeabi_dcmpeq
                0x000023c4                __aeabi_dcmplt
                0x000023d8                __aeabi_dcmple
                0x000023ec                __aeabi_dcmpge
                0x00002400                __aeabi_dcmpgt
 .text          0x00002414       0x50 c:/program files (x86)/cypress/psoc creator/4.0/psoc creator/import/gnu/arm/4.9.3/bin/../lib/gcc/arm-none-eabi/4.9.3/armv7-m\libgcc.a(_arm_fixdfsi.o)
                0x00002414                __aeabi_d2iz
                0x00002414                __fixdfsi
 .text          0x00002464      0x21c c:/program files (x86)/cypress/psoc creator/4.0/psoc creator/import/gnu/arm/4.9.3/bin/../lib/gcc/arm-none-eabi/4.9.3/armv7-m\libgcc.a(_arm_addsubsf3.o)
                0x00002464                __aeabi_frsub
                0x0000246c                __subsf3
                0x0000246c                __aeabi_fsub
                0x00002470                __aeabi_fadd
                0x00002470                __addsf3
                0x000025d0                __aeabi_ui2f
                0x000025d0                __floatunsisf
                0x000025d8                __aeabi_i2f
                0x000025d8                __floatsisf
                0x000025f4                __aeabi_ul2f
                0x000025f4                __floatundisf
                0x00002604                __aeabi_l2f
                0x00002604                __floatdisf
 .text          0x00002680      0x2a0 c:/program files (x86)/cypress/psoc creator/4.0/psoc creator/import/gnu/arm/4.9.3/bin/../lib/gcc/arm-none-eabi/4.9.3/armv7-m\libgcc.a(_arm_muldivsf3.o)
                0x00002680                __mulsf3
                0x00002680                __aeabi_fmul
                0x000027e8                __aeabi_fdiv
                0x000027e8                __divsf3
 .text          0x00002920       0xec c:/program files (x86)/cypress/psoc creator/4.0/psoc creator/import/gnu/arm/4.9.3/bin/../lib/gcc/arm-none-eabi/4.9.3/armv7-m\libgcc.a(_arm_cmpsf2.o)
                0x00002920                __gesf2
                0x00002920                __gtsf2
                0x00002928                __lesf2
                0x00002928                __ltsf2
                0x00002930                __nesf2
                0x00002930                __eqsf2
                0x00002930                __cmpsf2
                0x00002990                __aeabi_cfrcmple
                0x00002998                __aeabi_cfcmpeq
                0x00002998                __aeabi_cfcmple
                0x000029a8                __aeabi_fcmpeq
                0x000029bc                __aeabi_fcmplt
                0x000029d0                __aeabi_fcmple
                0x000029e4                __aeabi_fcmpge
                0x000029f8                __aeabi_fcmpgt
 .text          0x00002a0c       0x4c c:/program files (x86)/cypress/psoc creator/4.0/psoc creator/import/gnu/arm/4.9.3/bin/../lib/gcc/arm-none-eabi/4.9.3/armv7-m\libgcc.a(_arm_fixsfsi.o)
                0x00002a0c                __aeabi_f2iz
                0x00002a0c                __fixsfsi
 .text          0x00002a58       0x60 c:/program files (x86)/cypress/psoc creator/4.0/psoc creator/import/gnu/arm/4.9.3/bin/../lib/gcc/arm-none-eabi/4.9.3/armv7-m\libgcc.a(bpabi.o)
                0x00002a58                __gnu_ldivmod_helper
                0x00002a88                __gnu_uldivmod_helper
 .text          0x00002ab8        0x4 c:/program files (x86)/cypress/psoc creator/4.0/psoc creator/import/gnu/arm/4.9.3/bin/../lib/gcc/arm-none-eabi/4.9.3/armv7-m\libgcc.a(_dvmd_tls.o)
                0x00002ab8                __aeabi_idiv0
                0x00002ab8                __aeabi_ldiv0
 .text          0x00002abc      0x2ac c:/program files (x86)/cypress/psoc creator/4.0/psoc creator/import/gnu/arm/4.9.3/bin/../lib/gcc/arm-none-eabi/4.9.3/armv7-m\libgcc.a(_divdi3.o)
                0x00002abc                __divdi3
 .text          0x00002d68      0x270 c:/program files (x86)/cypress/psoc creator/4.0/psoc creator/import/gnu/arm/4.9.3/bin/../lib/gcc/arm-none-eabi/4.9.3/armv7-m\libgcc.a(_udivdi3.o)
                0x00002d68                __udivdi3
 .text.__errno  0x00002fd8        0xc c:/program files (x86)/cypress/psoc creator/4.0/psoc creator/import/gnu/arm/4.9.3/bin/../lib/gcc/arm-none-eabi/4.9.3/../../../../arm-none-eabi/lib/armv7-m\libg.a(lib_a-errno.o)
                0x00002fd8                __errno
 .text.__libc_init_array
                0x00002fe4       0x50 c:/program files (x86)/cypress/psoc creator/4.0/psoc creator/import/gnu/arm/4.9.3/bin/../lib/gcc/arm-none-eabi/4.9.3/../../../../arm-none-eabi/lib/armv7-m\libg.a(lib_a-init.o)
                0x00002fe4                __libc_init_array
 .text          0x00003034       0xec c:/program files (x86)/cypress/psoc creator/4.0/psoc creator/import/gnu/arm/4.9.3/bin/../lib/gcc/arm-none-eabi/4.9.3/../../../../arm-none-eabi/lib/armv7-m\libg.a(lib_a-memcpy.o)
                0x00003034                memcpy
 .text.memset   0x00003120       0x9c c:/program files (x86)/cypress/psoc creator/4.0/psoc creator/import/gnu/arm/4.9.3/bin/../lib/gcc/arm-none-eabi/4.9.3/../../../../arm-none-eabi/lib/armv7-m\libg.a(lib_a-memset.o)
                0x00003120                memset
 .text.printf   0x000031bc       0x28 c:/program files (x86)/cypress/psoc creator/4.0/psoc creator/import/gnu/arm/4.9.3/bin/../lib/gcc/arm-none-eabi/4.9.3/../../../../arm-none-eabi/lib/armv7-m\libg.a(lib_a-printf.o)
                0x000031bc                printf
 .text._puts_r  0x000031e4       0x60 c:/program files (x86)/cypress/psoc creator/4.0/psoc creator/import/gnu/arm/4.9.3/bin/../lib/gcc/arm-none-eabi/4.9.3/../../../../arm-none-eabi/lib/armv7-m\libg.a(lib_a-puts.o)
                0x000031e4                _puts_r
 .text.puts     0x00003244       0x10 c:/program files (x86)/cypress/psoc creator/4.0/psoc creator/import/gnu/arm/4.9.3/bin/../lib/gcc/arm-none-eabi/4.9.3/../../../../arm-none-eabi/lib/armv7-m\libg.a(lib_a-puts.o)
                0x00003244                puts
 .text.strlen   0x00003254       0x5c c:/program files (x86)/cypress/psoc creator/4.0/psoc creator/import/gnu/arm/4.9.3/bin/../lib/gcc/arm-none-eabi/4.9.3/../../../../arm-none-eabi/lib/armv7-m\libg.a(lib_a-strlen.o)
                0x00003254                strlen
 .text._vfprintf_r
                0x000032b0     0x1448 c:/program files (x86)/cypress/psoc creator/4.0/psoc creator/import/gnu/arm/4.9.3/bin/../lib/gcc/arm-none-eabi/4.9.3/../../../../arm-none-eabi/lib/armv7-m\libg.a(lib_a-vfprintf.o)
                0x000032b0                _vfprintf_r
 .text.__sbprintf
                0x000046f8       0x7c c:/program files (x86)/cypress/psoc creator/4.0/psoc creator/import/gnu/arm/4.9.3/bin/../lib/gcc/arm-none-eabi/4.9.3/../../../../arm-none-eabi/lib/armv7-m\libg.a(lib_a-vfprintf.o)
 .text.__swsetup_r
                0x00004774       0xc4 c:/program files (x86)/cypress/psoc creator/4.0/psoc creator/import/gnu/arm/4.9.3/bin/../lib/gcc/arm-none-eabi/4.9.3/../../../../arm-none-eabi/lib/armv7-m\libg.a(lib_a-wsetup.o)
                0x00004774                __swsetup_r
 .text.startup.register_fini
                0x00004838       0x14 c:/program files (x86)/cypress/psoc creator/4.0/psoc creator/import/gnu/arm/4.9.3/bin/../lib/gcc/arm-none-eabi/4.9.3/../../../../arm-none-eabi/lib/armv7-m\libg.a(lib_a-__call_atexit.o)
 .text.atexit   0x0000484c        0xc c:/program files (x86)/cypress/psoc creator/4.0/psoc creator/import/gnu/arm/4.9.3/bin/../lib/gcc/arm-none-eabi/4.9.3/../../../../arm-none-eabi/lib/armv7-m\libg.a(lib_a-atexit.o)
                0x0000484c                atexit
 .text.quorem   0x00004858      0x130 c:/program files (x86)/cypress/psoc creator/4.0/psoc creator/import/gnu/arm/4.9.3/bin/../lib/gcc/arm-none-eabi/4.9.3/../../../../arm-none-eabi/lib/armv7-m\libg.a(lib_a-dtoa.o)
 .text._dtoa_r  0x00004988      0xea8 c:/program files (x86)/cypress/psoc creator/4.0/psoc creator/import/gnu/arm/4.9.3/bin/../lib/gcc/arm-none-eabi/4.9.3/../../../../arm-none-eabi/lib/armv7-m\libg.a(lib_a-dtoa.o)
                0x00004988                _dtoa_r
 .text.__sflush_r
                0x00005830      0x148 c:/program files (x86)/cypress/psoc creator/4.0/psoc creator/import/gnu/arm/4.9.3/bin/../lib/gcc/arm-none-eabi/4.9.3/../../../../arm-none-eabi/lib/armv7-m\libg.a(lib_a-fflush.o)
                0x00005830                __sflush_r
 .text._fflush_r
                0x00005978       0x2c c:/program files (x86)/cypress/psoc creator/4.0/psoc creator/import/gnu/arm/4.9.3/bin/../lib/gcc/arm-none-eabi/4.9.3/../../../../arm-none-eabi/lib/armv7-m\libg.a(lib_a-fflush.o)
                0x00005978                _fflush_r
 .text._cleanup_r
                0x000059a4        0xc c:/program files (x86)/cypress/psoc creator/4.0/psoc creator/import/gnu/arm/4.9.3/bin/../lib/gcc/arm-none-eabi/4.9.3/../../../../arm-none-eabi/lib/armv7-m\libg.a(lib_a-findfp.o)
                0x000059a4                _cleanup_r
 .text.__sinit.part.1
                0x000059b0       0xf0 c:/program files (x86)/cypress/psoc creator/4.0/psoc creator/import/gnu/arm/4.9.3/bin/../lib/gcc/arm-none-eabi/4.9.3/../../../../arm-none-eabi/lib/armv7-m\libg.a(lib_a-findfp.o)
 .text.__sinit  0x00005aa0        0xc c:/program files (x86)/cypress/psoc creator/4.0/psoc creator/import/gnu/arm/4.9.3/bin/../lib/gcc/arm-none-eabi/4.9.3/../../../../arm-none-eabi/lib/armv7-m\libg.a(lib_a-findfp.o)
                0x00005aa0                __sinit
 .text.__sfp_lock_acquire
                0x00005aac        0x4 c:/program files (x86)/cypress/psoc creator/4.0/psoc creator/import/gnu/arm/4.9.3/bin/../lib/gcc/arm-none-eabi/4.9.3/../../../../arm-none-eabi/lib/armv7-m\libg.a(lib_a-findfp.o)
                0x00005aac                __sfp_lock_acquire
 .text.__sfp_lock_release
                0x00005ab0        0x4 c:/program files (x86)/cypress/psoc creator/4.0/psoc creator/import/gnu/arm/4.9.3/bin/../lib/gcc/arm-none-eabi/4.9.3/../../../../arm-none-eabi/lib/armv7-m\libg.a(lib_a-findfp.o)
                0x00005ab0                __sfp_lock_release
 .text.__libc_fini_array
                0x00005ab4       0x2c c:/program files (x86)/cypress/psoc creator/4.0/psoc creator/import/gnu/arm/4.9.3/bin/../lib/gcc/arm-none-eabi/4.9.3/../../../../arm-none-eabi/lib/armv7-m\libg.a(lib_a-fini.o)
                0x00005ab4                __libc_fini_array
 .text._malloc_trim_r
                0x00005ae0       0x9c c:/program files (x86)/cypress/psoc creator/4.0/psoc creator/import/gnu/arm/4.9.3/bin/../lib/gcc/arm-none-eabi/4.9.3/../../../../arm-none-eabi/lib/armv7-m\libg.a(lib_a-freer.o)
                0x00005ae0                _malloc_trim_r
 .text._free_r  0x00005b7c      0x1b0 c:/program files (x86)/cypress/psoc creator/4.0/psoc creator/import/gnu/arm/4.9.3/bin/../lib/gcc/arm-none-eabi/4.9.3/../../../../arm-none-eabi/lib/armv7-m\libg.a(lib_a-freer.o)
                0x00005b7c                _free_r
 .text.__sfvwrite_r
                0x00005d2c      0x320 c:/program files (x86)/cypress/psoc creator/4.0/psoc creator/import/gnu/arm/4.9.3/bin/../lib/gcc/arm-none-eabi/4.9.3/../../../../arm-none-eabi/lib/armv7-m\libg.a(lib_a-fvwrite.o)
                0x00005d2c                __sfvwrite_r
 .text._fwalk_reent
                0x0000604c       0x50 c:/program files (x86)/cypress/psoc creator/4.0/psoc creator/import/gnu/arm/4.9.3/bin/../lib/gcc/arm-none-eabi/4.9.3/../../../../arm-none-eabi/lib/armv7-m\libg.a(lib_a-fwalk.o)
                0x0000604c                _fwalk_reent
 .text.__locale_charset
                0x0000609c        0x8 c:/program files (x86)/cypress/psoc creator/4.0/psoc creator/import/gnu/arm/4.9.3/bin/../lib/gcc/arm-none-eabi/4.9.3/../../../../arm-none-eabi/lib/armv7-m\libg.a(lib_a-locale.o)
                0x0000609c                __locale_charset
 .text.__locale_mb_cur_max
                0x000060a4        0xc c:/program files (x86)/cypress/psoc creator/4.0/psoc creator/import/gnu/arm/4.9.3/bin/../lib/gcc/arm-none-eabi/4.9.3/../../../../arm-none-eabi/lib/armv7-m\libg.a(lib_a-locale.o)
                0x000060a4                __locale_mb_cur_max
 .text._localeconv_r
                0x000060b0        0x8 c:/program files (x86)/cypress/psoc creator/4.0/psoc creator/import/gnu/arm/4.9.3/bin/../lib/gcc/arm-none-eabi/4.9.3/../../../../arm-none-eabi/lib/armv7-m\libg.a(lib_a-locale.o)
                0x000060b0                _localeconv_r
 .text.__smakebuf_r
                0x000060b8       0xe0 c:/program files (x86)/cypress/psoc creator/4.0/psoc creator/import/gnu/arm/4.9.3/bin/../lib/gcc/arm-none-eabi/4.9.3/../../../../arm-none-eabi/lib/armv7-m\libg.a(lib_a-makebuf.o)
                0x000060b8                __smakebuf_r
 .text._malloc_r
                0x00006198      0x50c c:/program files (x86)/cypress/psoc creator/4.0/psoc creator/import/gnu/arm/4.9.3/bin/../lib/gcc/arm-none-eabi/4.9.3/../../../../arm-none-eabi/lib/armv7-m\libg.a(lib_a-mallocr.o)
                0x00006198                _malloc_r
 .text.memchr   0x000066a4       0x94 c:/program files (x86)/cypress/psoc creator/4.0/psoc creator/import/gnu/arm/4.9.3/bin/../lib/gcc/arm-none-eabi/4.9.3/../../../../arm-none-eabi/lib/armv7-m\libg.a(lib_a-memchr.o)
                0x000066a4                memchr
 .text.memmove  0x00006738       0xc8 c:/program files (x86)/cypress/psoc creator/4.0/psoc creator/import/gnu/arm/4.9.3/bin/../lib/gcc/arm-none-eabi/4.9.3/../../../../arm-none-eabi/lib/armv7-m\libg.a(lib_a-memmove.o)
                0x00006738                memmove
 .text.__malloc_lock
                0x00006800        0x4 c:/program files (x86)/cypress/psoc creator/4.0/psoc creator/import/gnu/arm/4.9.3/bin/../lib/gcc/arm-none-eabi/4.9.3/../../../../arm-none-eabi/lib/armv7-m\libg.a(lib_a-mlock.o)
                0x00006800                __malloc_lock
 .text.__malloc_unlock
                0x00006804        0x4 c:/program files (x86)/cypress/psoc creator/4.0/psoc creator/import/gnu/arm/4.9.3/bin/../lib/gcc/arm-none-eabi/4.9.3/../../../../arm-none-eabi/lib/armv7-m\libg.a(lib_a-mlock.o)
                0x00006804                __malloc_unlock
 .text._Balloc  0x00006808       0x50 c:/program files (x86)/cypress/psoc creator/4.0/psoc creator/import/gnu/arm/4.9.3/bin/../lib/gcc/arm-none-eabi/4.9.3/../../../../arm-none-eabi/lib/armv7-m\libg.a(lib_a-mprec.o)
                0x00006808                _Balloc
 .text._Bfree   0x00006858       0x14 c:/program files (x86)/cypress/psoc creator/4.0/psoc creator/import/gnu/arm/4.9.3/bin/../lib/gcc/arm-none-eabi/4.9.3/../../../../arm-none-eabi/lib/armv7-m\libg.a(lib_a-mprec.o)
                0x00006858                _Bfree
 .text.__multadd
                0x0000686c       0x84 c:/program files (x86)/cypress/psoc creator/4.0/psoc creator/import/gnu/arm/4.9.3/bin/../lib/gcc/arm-none-eabi/4.9.3/../../../../arm-none-eabi/lib/armv7-m\libg.a(lib_a-mprec.o)
                0x0000686c                __multadd
 .text.__hi0bits
                0x000068f0       0x40 c:/program files (x86)/cypress/psoc creator/4.0/psoc creator/import/gnu/arm/4.9.3/bin/../lib/gcc/arm-none-eabi/4.9.3/../../../../arm-none-eabi/lib/armv7-m\libg.a(lib_a-mprec.o)
                0x000068f0                __hi0bits
 .text.__lo0bits
                0x00006930       0x5c c:/program files (x86)/cypress/psoc creator/4.0/psoc creator/import/gnu/arm/4.9.3/bin/../lib/gcc/arm-none-eabi/4.9.3/../../../../arm-none-eabi/lib/armv7-m\libg.a(lib_a-mprec.o)
                0x00006930                __lo0bits
 .text.__i2b    0x0000698c       0x14 c:/program files (x86)/cypress/psoc creator/4.0/psoc creator/import/gnu/arm/4.9.3/bin/../lib/gcc/arm-none-eabi/4.9.3/../../../../arm-none-eabi/lib/armv7-m\libg.a(lib_a-mprec.o)
                0x0000698c                __i2b
 .text.__multiply
                0x000069a0      0x140 c:/program files (x86)/cypress/psoc creator/4.0/psoc creator/import/gnu/arm/4.9.3/bin/../lib/gcc/arm-none-eabi/4.9.3/../../../../arm-none-eabi/lib/armv7-m\libg.a(lib_a-mprec.o)
                0x000069a0                __multiply
 .text.__pow5mult
                0x00006ae0       0xa0 c:/program files (x86)/cypress/psoc creator/4.0/psoc creator/import/gnu/arm/4.9.3/bin/../lib/gcc/arm-none-eabi/4.9.3/../../../../arm-none-eabi/lib/armv7-m\libg.a(lib_a-mprec.o)
                0x00006ae0                __pow5mult
 .text.__lshift
                0x00006b80       0xb0 c:/program files (x86)/cypress/psoc creator/4.0/psoc creator/import/gnu/arm/4.9.3/bin/../lib/gcc/arm-none-eabi/4.9.3/../../../../arm-none-eabi/lib/armv7-m\libg.a(lib_a-mprec.o)
                0x00006b80                __lshift
 .text.__mcmp   0x00006c30       0x48 c:/program files (x86)/cypress/psoc creator/4.0/psoc creator/import/gnu/arm/4.9.3/bin/../lib/gcc/arm-none-eabi/4.9.3/../../../../arm-none-eabi/lib/armv7-m\libg.a(lib_a-mprec.o)
                0x00006c30                __mcmp
 .text.__mdiff  0x00006c78       0xe4 c:/program files (x86)/cypress/psoc creator/4.0/psoc creator/import/gnu/arm/4.9.3/bin/../lib/gcc/arm-none-eabi/4.9.3/../../../../arm-none-eabi/lib/armv7-m\libg.a(lib_a-mprec.o)
                0x00006c78                __mdiff
 .text.__d2b    0x00006d5c       0xa8 c:/program files (x86)/cypress/psoc creator/4.0/psoc creator/import/gnu/arm/4.9.3/bin/../lib/gcc/arm-none-eabi/4.9.3/../../../../arm-none-eabi/lib/armv7-m\libg.a(lib_a-mprec.o)
                0x00006d5c                __d2b
 .text._realloc_r
                0x00006e04      0x3e0 c:/program files (x86)/cypress/psoc creator/4.0/psoc creator/import/gnu/arm/4.9.3/bin/../lib/gcc/arm-none-eabi/4.9.3/../../../../arm-none-eabi/lib/armv7-m\libg.a(lib_a-reallocr.o)
                0x00006e04                _realloc_r
 .text._sbrk_r  0x000071e4       0x24 c:/program files (x86)/cypress/psoc creator/4.0/psoc creator/import/gnu/arm/4.9.3/bin/../lib/gcc/arm-none-eabi/4.9.3/../../../../arm-none-eabi/lib/armv7-m\libg.a(lib_a-sbrkr.o)
                0x000071e4                _sbrk_r
 .text.__sread  0x00007208       0x24 c:/program files (x86)/cypress/psoc creator/4.0/psoc creator/import/gnu/arm/4.9.3/bin/../lib/gcc/arm-none-eabi/4.9.3/../../../../arm-none-eabi/lib/armv7-m\libg.a(lib_a-stdio.o)
                0x00007208                __sread
 .text.__swrite
                0x0000722c       0x38 c:/program files (x86)/cypress/psoc creator/4.0/psoc creator/import/gnu/arm/4.9.3/bin/../lib/gcc/arm-none-eabi/4.9.3/../../../../arm-none-eabi/lib/armv7-m\libg.a(lib_a-stdio.o)
                0x0000722c                __swrite
 .text.__sseek  0x00007264       0x20 c:/program files (x86)/cypress/psoc creator/4.0/psoc creator/import/gnu/arm/4.9.3/bin/../lib/gcc/arm-none-eabi/4.9.3/../../../../arm-none-eabi/lib/armv7-m\libg.a(lib_a-stdio.o)
                0x00007264                __sseek
 .text.__sclose
                0x00007284        0x8 c:/program files (x86)/cypress/psoc creator/4.0/psoc creator/import/gnu/arm/4.9.3/bin/../lib/gcc/arm-none-eabi/4.9.3/../../../../arm-none-eabi/lib/armv7-m\libg.a(lib_a-stdio.o)
                0x00007284                __sclose
 .text.__sprint_r.part.0
                0x0000728c       0x78 c:/program files (x86)/cypress/psoc creator/4.0/psoc creator/import/gnu/arm/4.9.3/bin/../lib/gcc/arm-none-eabi/4.9.3/../../../../arm-none-eabi/lib/armv7-m\libg.a(lib_a-vfiprintf.o)
 .text.__sprint_r
                0x00007304       0x18 c:/program files (x86)/cypress/psoc creator/4.0/psoc creator/import/gnu/arm/4.9.3/bin/../lib/gcc/arm-none-eabi/4.9.3/../../../../arm-none-eabi/lib/armv7-m\libg.a(lib_a-vfiprintf.o)
                0x00007304                __sprint_r
 .text._write_r
                0x0000731c       0x28 c:/program files (x86)/cypress/psoc creator/4.0/psoc creator/import/gnu/arm/4.9.3/bin/../lib/gcc/arm-none-eabi/4.9.3/../../../../arm-none-eabi/lib/armv7-m\libg.a(lib_a-writer.o)
                0x0000731c                _write_r
 .text.__register_exitproc
                0x00007344       0xa4 c:/program files (x86)/cypress/psoc creator/4.0/psoc creator/import/gnu/arm/4.9.3/bin/../lib/gcc/arm-none-eabi/4.9.3/../../../../arm-none-eabi/lib/armv7-m\libg.a(lib_a-__atexit.o)
                0x00007344                __register_exitproc
 .text._calloc_r
                0x000073e8       0x60 c:/program files (x86)/cypress/psoc creator/4.0/psoc creator/import/gnu/arm/4.9.3/bin/../lib/gcc/arm-none-eabi/4.9.3/../../../../arm-none-eabi/lib/armv7-m\libg.a(lib_a-callocr.o)
                0x000073e8                _calloc_r
 .text._close_r
                0x00007448       0x24 c:/program files (x86)/cypress/psoc creator/4.0/psoc creator/import/gnu/arm/4.9.3/bin/../lib/gcc/arm-none-eabi/4.9.3/../../../../arm-none-eabi/lib/armv7-m\libg.a(lib_a-closer.o)
                0x00007448                _close_r
 .text._fclose_r
                0x0000746c       0x84 c:/program files (x86)/cypress/psoc creator/4.0/psoc creator/import/gnu/arm/4.9.3/bin/../lib/gcc/arm-none-eabi/4.9.3/../../../../arm-none-eabi/lib/armv7-m\libg.a(lib_a-fclose.o)
                0x0000746c                _fclose_r
 .text.__fputwc
                0x000074f0       0xb0 c:/program files (x86)/cypress/psoc creator/4.0/psoc creator/import/gnu/arm/4.9.3/bin/../lib/gcc/arm-none-eabi/4.9.3/../../../../arm-none-eabi/lib/armv7-m\libg.a(lib_a-fputwc.o)
                0x000074f0                __fputwc
 .text._fputwc_r
                0x000075a0       0x24 c:/program files (x86)/cypress/psoc creator/4.0/psoc creator/import/gnu/arm/4.9.3/bin/../lib/gcc/arm-none-eabi/4.9.3/../../../../arm-none-eabi/lib/armv7-m\libg.a(lib_a-fputwc.o)
                0x000075a0                _fputwc_r
 .text._fstat_r
                0x000075c4       0x28 c:/program files (x86)/cypress/psoc creator/4.0/psoc creator/import/gnu/arm/4.9.3/bin/../lib/gcc/arm-none-eabi/4.9.3/../../../../arm-none-eabi/lib/armv7-m\libg.a(lib_a-fstatr.o)
                0x000075c4                _fstat_r
 .text._isatty_r
                0x000075ec       0x24 c:/program files (x86)/cypress/psoc creator/4.0/psoc creator/import/gnu/arm/4.9.3/bin/../lib/gcc/arm-none-eabi/4.9.3/../../../../arm-none-eabi/lib/armv7-m\libg.a(lib_a-isattyr.o)
                0x000075ec                _isatty_r
 .text._lseek_r
                0x00007610       0x28 c:/program files (x86)/cypress/psoc creator/4.0/psoc creator/import/gnu/arm/4.9.3/bin/../lib/gcc/arm-none-eabi/4.9.3/../../../../arm-none-eabi/lib/armv7-m\libg.a(lib_a-lseekr.o)
                0x00007610                _lseek_r
 .text._read_r  0x00007638       0x28 c:/program files (x86)/cypress/psoc creator/4.0/psoc creator/import/gnu/arm/4.9.3/bin/../lib/gcc/arm-none-eabi/4.9.3/../../../../arm-none-eabi/lib/armv7-m\libg.a(lib_a-readr.o)
                0x00007638                _read_r
 .text.__swbuf_r
                0x00007660       0xa8 c:/program files (x86)/cypress/psoc creator/4.0/psoc creator/import/gnu/arm/4.9.3/bin/../lib/gcc/arm-none-eabi/4.9.3/../../../../arm-none-eabi/lib/armv7-m\libg.a(lib_a-wbuf.o)
                0x00007660                __swbuf_r
 .text._wcrtomb_r
                0x00007708       0x54 c:/program files (x86)/cypress/psoc creator/4.0/psoc creator/import/gnu/arm/4.9.3/bin/../lib/gcc/arm-none-eabi/4.9.3/../../../../arm-none-eabi/lib/armv7-m\libg.a(lib_a-wcrtomb.o)
                0x00007708                _wcrtomb_r
 .text.__ascii_wctomb
                0x0000775c       0x1c c:/program files (x86)/cypress/psoc creator/4.0/psoc creator/import/gnu/arm/4.9.3/bin/../lib/gcc/arm-none-eabi/4.9.3/../../../../arm-none-eabi/lib/armv7-m\libg.a(lib_a-wctomb_r.o)
                0x0000775c                __ascii_wctomb
 .text          0x00007778       0x30 c:/program files (x86)/cypress/psoc creator/4.0/psoc creator/import/gnu/arm/4.9.3/bin/../lib/gcc/arm-none-eabi/4.9.3/armv7-m\libgcc.a(_aeabi_uldivmod.o)
                0x00007778                __aeabi_uldivmod
 .text._close   0x000077a8       0x10 c:/program files (x86)/cypress/psoc creator/4.0/psoc creator/import/gnu/arm/4.9.3/bin/../lib/gcc/arm-none-eabi/4.9.3/../../../../arm-none-eabi/lib/armv7-m\libnosys.a(close.o)
                0x000077a8                _close
 .text._fstat   0x000077b8       0x10 c:/program files (x86)/cypress/psoc creator/4.0/psoc creator/import/gnu/arm/4.9.3/bin/../lib/gcc/arm-none-eabi/4.9.3/../../../../arm-none-eabi/lib/armv7-m\libnosys.a(fstat.o)
                0x000077b8                _fstat
 .text._isatty  0x000077c8       0x10 c:/program files (x86)/cypress/psoc creator/4.0/psoc creator/import/gnu/arm/4.9.3/bin/../lib/gcc/arm-none-eabi/4.9.3/../../../../arm-none-eabi/lib/armv7-m\libnosys.a(isatty.o)
                0x000077c8                _isatty
 .text._lseek   0x000077d8       0x10 c:/program files (x86)/cypress/psoc creator/4.0/psoc creator/import/gnu/arm/4.9.3/bin/../lib/gcc/arm-none-eabi/4.9.3/../../../../arm-none-eabi/lib/armv7-m\libnosys.a(lseek.o)
                0x000077d8                _lseek
 *(.plt)
 *(.gnu.warning)
 *(.glue_7t)
 .glue_7t       0x00000000        0x0 linker stubs
 *(.glue_7)
 .glue_7        0x00000000        0x0 linker stubs
 *(.vfp11_veneer)
 .vfp11_veneer  0x00000000        0x0 linker stubs
 *(.bootloader)
 *(.ARM.extab* .gnu.linkonce.armextab.*)
 *(.gcc_except_table)

.v4_bx          0x000077e8        0x0
 .v4_bx         0x00000000        0x0 linker stubs

.iplt           0x000077e8        0x0
 .iplt          0x00000000        0x0 c:/program files (x86)/cypress/psoc creator/4.0/psoc creator/import/gnu/arm/4.9.3/bin/../lib/gcc/arm-none-eabi/4.9.3/armv7-m/crtbegin.o

.eh_frame_hdr
 *(.eh_frame_hdr)

.eh_frame       0x000077e8        0x4
 *(.eh_frame)
 .eh_frame      0x000077e8        0x0 c:/program files (x86)/cypress/psoc creator/4.0/psoc creator/import/gnu/arm/4.9.3/bin/../lib/gcc/arm-none-eabi/4.9.3/armv7-m/crtbegin.o
 .eh_frame      0x000077e8        0x0 c:/program files (x86)/cypress/psoc creator/4.0/psoc creator/import/gnu/arm/4.9.3/bin/../lib/gcc/arm-none-eabi/4.9.3/../../../../arm-none-eabi/lib/armv7-m\libg.a(lib_a-strcmp.o)
                                 0x38 (size before relaxing)
 .eh_frame      0x000077e8        0x4 c:/program files (x86)/cypress/psoc creator/4.0/psoc creator/import/gnu/arm/4.9.3/bin/../lib/gcc/arm-none-eabi/4.9.3/armv7-m/crtend.o
                0x000077ec                PROVIDE (__exidx_start, .)

.ARM.exidx      0x000077ec        0x8
 *(.ARM.exidx* .gnu.linkonce.armexidx.*)
 .ARM.exidx     0x000077ec        0x8 c:/program files (x86)/cypress/psoc creator/4.0/psoc creator/import/gnu/arm/4.9.3/bin/../lib/gcc/arm-none-eabi/4.9.3/armv7-m\libgcc.a(_divdi3.o)
 .ARM.exidx     0x000077f4        0x0 c:/program files (x86)/cypress/psoc creator/4.0/psoc creator/import/gnu/arm/4.9.3/bin/../lib/gcc/arm-none-eabi/4.9.3/armv7-m\libgcc.a(_udivdi3.o)
                                  0x8 (size before relaxing)
                0x000077f4                __exidx_end = .

.rodata         0x000077f8      0x248
 *(.rodata .rodata.* .gnu.linkonce.r.*)
 .rodata        0x000077f8       0x10 .\CortexM3\ARM_GCC_493\Debug\main.o
 .rodata.str1.4
                0x00007808       0x2e .\CortexM3\ARM_GCC_493\Debug\main.o
                                 0x30 (size before relaxing)
 *fill*         0x00007836        0x2 
 .rodata.str1.4
                0x00007838        0x7 .\CortexM3\ARM_GCC_493\Debug\IR.o
                                  0x8 (size before relaxing)
 *fill*         0x0000783f        0x1 
 .rodata        0x00007840       0x3c .\CortexM3\ARM_GCC_493\Debug\ZumoBot.a(cyfitter_cfg.o)
 .rodata.str1.4
                0x0000787c        0x2 c:/program files (x86)/cypress/psoc creator/4.0/psoc creator/import/gnu/arm/4.9.3/bin/../lib/gcc/arm-none-eabi/4.9.3/../../../../arm-none-eabi/lib/armv7-m\libg.a(lib_a-impure.o)
                                  0x4 (size before relaxing)
 *fill*         0x0000787e        0x2 
 .rodata._global_impure_ptr
                0x00007880        0x4 c:/program files (x86)/cypress/psoc creator/4.0/psoc creator/import/gnu/arm/4.9.3/bin/../lib/gcc/arm-none-eabi/4.9.3/../../../../arm-none-eabi/lib/armv7-m\libg.a(lib_a-impure.o)
                0x00007880                _global_impure_ptr
 .rodata.str1.4
                0x00007884        0x2 c:/program files (x86)/cypress/psoc creator/4.0/psoc creator/import/gnu/arm/4.9.3/bin/../lib/gcc/arm-none-eabi/4.9.3/../../../../arm-none-eabi/lib/armv7-m\libg.a(lib_a-puts.o)
                                  0x4 (size before relaxing)
 *fill*         0x00007886        0x2 
 .rodata.zeroes.6931
                0x00007888       0x10 c:/program files (x86)/cypress/psoc creator/4.0/psoc creator/import/gnu/arm/4.9.3/bin/../lib/gcc/arm-none-eabi/4.9.3/../../../../arm-none-eabi/lib/armv7-m\libg.a(lib_a-vfprintf.o)
 .rodata.str1.4
                0x00007898       0x42 c:/program files (x86)/cypress/psoc creator/4.0/psoc creator/import/gnu/arm/4.9.3/bin/../lib/gcc/arm-none-eabi/4.9.3/../../../../arm-none-eabi/lib/armv7-m\libg.a(lib_a-vfprintf.o)
                                 0x44 (size before relaxing)
 *fill*         0x000078da        0x2 
 .rodata.blanks.6930
                0x000078dc       0x10 c:/program files (x86)/cypress/psoc creator/4.0/psoc creator/import/gnu/arm/4.9.3/bin/../lib/gcc/arm-none-eabi/4.9.3/../../../../arm-none-eabi/lib/armv7-m\libg.a(lib_a-vfprintf.o)
 .rodata.str1.4
                0x000078ec       0x10 c:/program files (x86)/cypress/psoc creator/4.0/psoc creator/import/gnu/arm/4.9.3/bin/../lib/gcc/arm-none-eabi/4.9.3/../../../../arm-none-eabi/lib/armv7-m\libg.a(lib_a-dtoa.o)
                                 0x14 (size before relaxing)
 .rodata.str1.4
                0x000078fc        0xc c:/program files (x86)/cypress/psoc creator/4.0/psoc creator/import/gnu/arm/4.9.3/bin/../lib/gcc/arm-none-eabi/4.9.3/../../../../arm-none-eabi/lib/armv7-m\libg.a(lib_a-locale.o)
                                 0x14 (size before relaxing)
 .rodata.p05.5296
                0x00007908        0xc c:/program files (x86)/cypress/psoc creator/4.0/psoc creator/import/gnu/arm/4.9.3/bin/../lib/gcc/arm-none-eabi/4.9.3/../../../../arm-none-eabi/lib/armv7-m\libg.a(lib_a-mprec.o)
 *fill*         0x00007914        0x4 
 .rodata.__mprec_tens
                0x00007918       0xc8 c:/program files (x86)/cypress/psoc creator/4.0/psoc creator/import/gnu/arm/4.9.3/bin/../lib/gcc/arm-none-eabi/4.9.3/../../../../arm-none-eabi/lib/armv7-m\libg.a(lib_a-mprec.o)
                0x00007918                __mprec_tens
 .rodata.__mprec_bigtens
                0x000079e0       0x28 c:/program files (x86)/cypress/psoc creator/4.0/psoc creator/import/gnu/arm/4.9.3/bin/../lib/gcc/arm-none-eabi/4.9.3/../../../../arm-none-eabi/lib/armv7-m\libg.a(lib_a-mprec.o)
                0x000079e0                __mprec_bigtens
                0x00007a08                . = ALIGN (0x4)
 *(.init)
 .init          0x00007a08        0x4 c:/program files (x86)/cypress/psoc creator/4.0/psoc creator/import/gnu/arm/4.9.3/bin/../lib/gcc/arm-none-eabi/4.9.3/armv7-m/crti.o
                0x00007a08                _init
 .init          0x00007a0c        0x8 c:/program files (x86)/cypress/psoc creator/4.0/psoc creator/import/gnu/arm/4.9.3/bin/../lib/gcc/arm-none-eabi/4.9.3/armv7-m/crtn.o
                0x00007a14                . = ALIGN (0x4)
                0x00007a14                __preinit_array_start = .
 *(.preinit_array)
                0x00007a14                __preinit_array_end = .
                0x00007a14                . = ALIGN (0x4)
                0x00007a14                __init_array_start = .
 *(SORT(.init_array.*))
 .init_array.00000
                0x00007a14        0x4 c:/program files (x86)/cypress/psoc creator/4.0/psoc creator/import/gnu/arm/4.9.3/bin/../lib/gcc/arm-none-eabi/4.9.3/../../../../arm-none-eabi/lib/armv7-m\libg.a(lib_a-__call_atexit.o)
 *(.init_array)
 .init_array    0x00007a18        0x4 c:/program files (x86)/cypress/psoc creator/4.0/psoc creator/import/gnu/arm/4.9.3/bin/../lib/gcc/arm-none-eabi/4.9.3/armv7-m/crtbegin.o
 .init_array    0x00007a1c        0x4 .\CortexM3\ARM_GCC_493\Debug\Cm3Start.o
                0x00007a20                __init_array_end = .
                0x00007a20                . = ALIGN (0x4)
 *(.fini)
 .fini          0x00007a20        0x4 c:/program files (x86)/cypress/psoc creator/4.0/psoc creator/import/gnu/arm/4.9.3/bin/../lib/gcc/arm-none-eabi/4.9.3/armv7-m/crti.o
                0x00007a20                _fini
 .fini          0x00007a24        0x8 c:/program files (x86)/cypress/psoc creator/4.0/psoc creator/import/gnu/arm/4.9.3/bin/../lib/gcc/arm-none-eabi/4.9.3/armv7-m/crtn.o
                0x00007a2c                . = ALIGN (0x4)
                0x00007a2c                __fini_array_start = .
 *(.fini_array)
 .fini_array    0x00007a2c        0x4 c:/program files (x86)/cypress/psoc creator/4.0/psoc creator/import/gnu/arm/4.9.3/bin/../lib/gcc/arm-none-eabi/4.9.3/armv7-m/crtbegin.o
 *(SORT(.fini_array.*))
                0x00007a30                __fini_array_end = .
                0x00007a30                . = ALIGN (0x4)
 *crtbegin.o(.ctors)
 *(EXCLUDE_FILE(*crtend.o) .ctors)
 *(SORT(.ctors.*))
 *crtend.o(.ctors)
                0x00007a30                . = ALIGN (0x4)
 *crtbegin.o(.dtors)
 *(EXCLUDE_FILE(*crtend.o) .dtors)
 *(SORT(.dtors.*))
 *crtend.o(.dtors)
                0x00007a30                . = ALIGN (0x4)
                0x00007a30                __cy_regions = .
                0x00007a30        0x4 LONG 0x7a40 __cy_region_init_ram
                0x00007a34        0x4 LONG 0x1fff8108 __cy_region_start_data
                0x00007a38        0x4 LONG 0x8c0 __cy_region_init_size_ram
                0x00007a3c        0x4 LONG 0x88 __cy_region_zero_size_ram
                0x00007a40                __cy_regions_end = .
                0x00007a40                . = ALIGN (0x8)
                0x00007a40                _etext = .

.cy_checksum_exclude
                0x00007a40        0x0
 *(.cy_checksum_exclude)

.ramvectors     0x1fff8000      0x100
                0x1fff8000                __cy_region_start_ram = .
 *(.ramvectors)
 .ramvectors    0x1fff8000      0x100 .\CortexM3\ARM_GCC_493\Debug\Cm3Start.o
                0x1fff8000                CyRamVectors

.noinit         0x1fff8100        0x5
 *(.noinit)
 .noinit        0x1fff8100        0x4 .\CortexM3\ARM_GCC_493\Debug\Cm3Start.o
 .noinit        0x1fff8104        0x1 .\CortexM3\ARM_GCC_493\Debug\ZumoBot.a(CyLib.o)
                0x1fff8104                CyResetStatus

.data           0x1fff8108      0x8c0 load address 0x00007a40
                0x1fff8108                __cy_region_start_data = .
 *(.jcr)
 .jcr           0x1fff8108        0x0 c:/program files (x86)/cypress/psoc creator/4.0/psoc creator/import/gnu/arm/4.9.3/bin/../lib/gcc/arm-none-eabi/4.9.3/armv7-m/crtbegin.o
 .jcr           0x1fff8108        0x4 c:/program files (x86)/cypress/psoc creator/4.0/psoc creator/import/gnu/arm/4.9.3/bin/../lib/gcc/arm-none-eabi/4.9.3/armv7-m/crtend.o
 *(.got.plt)
 *(.got)
 *(.shdata)
 *(.data .data.* .gnu.linkonce.d.*)
 .data          0x1fff810c        0x8 .\CortexM3\ARM_GCC_493\Debug\Reflectance.o
 .data          0x1fff8114        0x4 .\CortexM3\ARM_GCC_493\Debug\Cm3Start.o
 .data          0x1fff8118       0x10 .\CortexM3\ARM_GCC_493\Debug\ZumoBot.a(CyLib.o)
                0x1fff8118                cydelay_32k_ms
                0x1fff811c                cydelay_freq_khz
                0x1fff8120                cydelay_freq_mhz
                0x1fff8124                cydelay_freq_hz
 .data.impure_data
                0x1fff8128      0x428 c:/program files (x86)/cypress/psoc creator/4.0/psoc creator/import/gnu/arm/4.9.3/bin/../lib/gcc/arm-none-eabi/4.9.3/../../../../arm-none-eabi/lib/armv7-m\libg.a(lib_a-impure.o)
 .data._impure_ptr
                0x1fff8550        0x4 c:/program files (x86)/cypress/psoc creator/4.0/psoc creator/import/gnu/arm/4.9.3/bin/../lib/gcc/arm-none-eabi/4.9.3/../../../../arm-none-eabi/lib/armv7-m\libg.a(lib_a-impure.o)
                0x1fff8550                _impure_ptr
 .data.lconv    0x1fff8554       0x38 c:/program files (x86)/cypress/psoc creator/4.0/psoc creator/import/gnu/arm/4.9.3/bin/../lib/gcc/arm-none-eabi/4.9.3/../../../../arm-none-eabi/lib/armv7-m\libg.a(lib_a-locale.o)
 .data.lc_ctype_charset
                0x1fff858c       0x20 c:/program files (x86)/cypress/psoc creator/4.0/psoc creator/import/gnu/arm/4.9.3/bin/../lib/gcc/arm-none-eabi/4.9.3/../../../../arm-none-eabi/lib/armv7-m\libg.a(lib_a-locale.o)
 .data.__mb_cur_max
                0x1fff85ac        0x4 c:/program files (x86)/cypress/psoc creator/4.0/psoc creator/import/gnu/arm/4.9.3/bin/../lib/gcc/arm-none-eabi/4.9.3/../../../../arm-none-eabi/lib/armv7-m\libg.a(lib_a-locale.o)
                0x1fff85ac                __mb_cur_max
 .data.__malloc_av_
                0x1fff85b0      0x408 c:/program files (x86)/cypress/psoc creator/4.0/psoc creator/import/gnu/arm/4.9.3/bin/../lib/gcc/arm-none-eabi/4.9.3/../../../../arm-none-eabi/lib/armv7-m\libg.a(lib_a-mallocr.o)
                0x1fff85b0                __malloc_av_
 .data.__malloc_trim_threshold
                0x1fff89b8        0x4 c:/program files (x86)/cypress/psoc creator/4.0/psoc creator/import/gnu/arm/4.9.3/bin/../lib/gcc/arm-none-eabi/4.9.3/../../../../arm-none-eabi/lib/armv7-m\libg.a(lib_a-mallocr.o)
                0x1fff89b8                __malloc_trim_threshold
 .data.__malloc_sbrk_base
                0x1fff89bc        0x4 c:/program files (x86)/cypress/psoc creator/4.0/psoc creator/import/gnu/arm/4.9.3/bin/../lib/gcc/arm-none-eabi/4.9.3/../../../../arm-none-eabi/lib/armv7-m\libg.a(lib_a-mallocr.o)
                0x1fff89bc                __malloc_sbrk_base
 .data.__wctomb
                0x1fff89c0        0x4 c:/program files (x86)/cypress/psoc creator/4.0/psoc creator/import/gnu/arm/4.9.3/bin/../lib/gcc/arm-none-eabi/4.9.3/../../../../arm-none-eabi/lib/armv7-m\libg.a(lib_a-wctomb_r.o)
                0x1fff89c0                __wctomb
                0x1fff89c8                . = ALIGN (0x8)
 *fill*         0x1fff89c4        0x4 
 *(.ram)
                0x1fff89c8                _edata = .

.igot.plt       0x1fff89c8        0x0 load address 0x00008300
 .igot.plt      0x00000000        0x0 c:/program files (x86)/cypress/psoc creator/4.0/psoc creator/import/gnu/arm/4.9.3/bin/../lib/gcc/arm-none-eabi/4.9.3/armv7-m/crtbegin.o

.bss            0x1fff89c8       0x88 load address 0x00008300
                0x1fff89c8                PROVIDE (__bss_start__, .)
 *(.shbss)
 *(.bss .bss.* .gnu.linkonce.b.*)
 .bss           0x1fff89c8       0x1c c:/program files (x86)/cypress/psoc creator/4.0/psoc creator/import/gnu/arm/4.9.3/bin/../lib/gcc/arm-none-eabi/4.9.3/armv7-m/crtbegin.o
 .bss           0x1fff89e4       0x10 .\CortexM3\ARM_GCC_493\Debug\Reflectance.o
 .bss           0x1fff89f4        0xc .\CortexM3\ARM_GCC_493\Debug\Ultra.o
 .bss           0x1fff8a00        0x1 .\CortexM3\ARM_GCC_493\Debug\ZumoBot.a(PWM.o)
                0x1fff8a00                PWM_initVar
 .bss           0x1fff8a01        0x2 .\CortexM3\ARM_GCC_493\Debug\ZumoBot.a(UART_1.o)
                0x1fff8a01                UART_1_initVar
 .bss           0x1fff8a03        0x1 .\CortexM3\ARM_GCC_493\Debug\ZumoBot.a(ADC_Battery.o)
                0x1fff8a03                ADC_Battery_initVar
 .bss           0x1fff8a04        0x1 .\CortexM3\ARM_GCC_493\Debug\ZumoBot.a(Timer.o)
                0x1fff8a04                Timer_initVar
 .bss           0x1fff8a05        0x1 .\CortexM3\ARM_GCC_493\Debug\ZumoBot.a(Buzzer_PWM.o)
                0x1fff8a05                Buzzer_PWM_initVar
 .bss           0x1fff8a06        0x1 .\CortexM3\ARM_GCC_493\Debug\ZumoBot.a(Timer_L3.o)
                0x1fff8a06                Timer_L3_initVar
 .bss           0x1fff8a07        0x1 .\CortexM3\ARM_GCC_493\Debug\ZumoBot.a(Timer_R3.o)
                0x1fff8a07                Timer_R3_initVar
 .bss           0x1fff8a08        0x1 .\CortexM3\ARM_GCC_493\Debug\ZumoBot.a(Timer_R1.o)
                0x1fff8a08                Timer_R1_initVar
 .bss           0x1fff8a09        0x1 .\CortexM3\ARM_GCC_493\Debug\ZumoBot.a(Timer_L1.o)
                0x1fff8a09                Timer_L1_initVar
 *fill*         0x1fff8a0a        0x2 
 .bss.__malloc_max_total_mem
                0x1fff8a0c        0x4 c:/program files (x86)/cypress/psoc creator/4.0/psoc creator/import/gnu/arm/4.9.3/bin/../lib/gcc/arm-none-eabi/4.9.3/../../../../arm-none-eabi/lib/armv7-m\libg.a(lib_a-mallocr.o)
                0x1fff8a0c                __malloc_max_total_mem
 .bss.__malloc_max_sbrked_mem
                0x1fff8a10        0x4 c:/program files (x86)/cypress/psoc creator/4.0/psoc creator/import/gnu/arm/4.9.3/bin/../lib/gcc/arm-none-eabi/4.9.3/../../../../arm-none-eabi/lib/armv7-m\libg.a(lib_a-mallocr.o)
                0x1fff8a10                __malloc_max_sbrked_mem
 .bss.__malloc_top_pad
                0x1fff8a14        0x4 c:/program files (x86)/cypress/psoc creator/4.0/psoc creator/import/gnu/arm/4.9.3/bin/../lib/gcc/arm-none-eabi/4.9.3/../../../../arm-none-eabi/lib/armv7-m\libg.a(lib_a-mallocr.o)
                0x1fff8a14                __malloc_top_pad
 .bss.__malloc_current_mallinfo
                0x1fff8a18       0x28 c:/program files (x86)/cypress/psoc creator/4.0/psoc creator/import/gnu/arm/4.9.3/bin/../lib/gcc/arm-none-eabi/4.9.3/../../../../arm-none-eabi/lib/armv7-m\libg.a(lib_a-mallocr.o)
                0x1fff8a18                __malloc_current_mallinfo
 *(COMMON)
 COMMON         0x1fff8a40        0xc .\CortexM3\ARM_GCC_493\Debug\ZumoBot.a(ADC_Battery.o)
                0x1fff8a40                ADC_Battery_offset
                0x1fff8a42                ADC_Battery_countsPerVolt
                0x1fff8a44                ADC_Battery_shift
                0x1fff8a48                ADC_Battery_countsPer10Volt
 COMMON         0x1fff8a4c        0x4 c:/program files (x86)/cypress/psoc creator/4.0/psoc creator/import/gnu/arm/4.9.3/bin/../lib/gcc/arm-none-eabi/4.9.3/../../../../arm-none-eabi/lib/armv7-m\libg.a(lib_a-reent.o)
                0x1fff8a4c                errno
                0x1fff8a50                . = ALIGN (0x8)
 *(.ram.b)
                0x1fff8a50                _end = .
                0x1fff8a50                __end = .
                0x1fff8a50                PROVIDE (end, .)
                0x1fff8a50                PROVIDE (__bss_end__, .)
                0x00007a40                __cy_region_init_ram = LOADADDR (.data)
                0x000008c0                __cy_region_init_size_ram = (_edata - ADDR (.data))
                0x00000088                __cy_region_zero_size_ram = (_end - _edata)

.heap           0x1fff8a50      0x800 load address 0x00008300
                0x1fff8a50                . = _end
                0x1fff9250                . = (. + 0x800)
 *fill*         0x1fff8a50      0x800 
                0x1fff9250                __cy_heap_limit = .

.stack          0x20007800      0x800
                0x20007800                __cy_stack_limit = .
                0x20008000                . = (. + 0x800)
 *fill*         0x20007800      0x800 
                0x00000001                ASSERT ((__cy_stack_limit >= __cy_heap_limit), region RAM overflowed with stack)
                0x00000000                cy_checksum_exclude_size = (CY_APPL_LOADABLE == 0x1)?SIZEOF (.cy_checksum_exclude):0x0
                0x00000001                ASSERT ((cy_checksum_exclude_size <= CY_CHECKSUM_EXCLUDE_SIZE), CY_BOOT: Section .cy_checksum_exclude size exceedes specified limit.)

.cyloadermeta
 *(.cyloadermeta)

.cyloadablemeta
 *(.cyloadablemeta)

.cyconfigecc    0x80000000      0x8b0
 *(.cyconfigecc)
 .cyconfigecc   0x80000000      0x8b0 .\CortexM3\ARM_GCC_493\Debug\cymetadata.o
                0x80000000                cy_meta_configecc

.cycustnvl      0x90000000        0x4
 *(.cycustnvl)
 .cycustnvl     0x90000000        0x4 .\CortexM3\ARM_GCC_493\Debug\cymetadata.o
                0x90000000                cy_meta_custnvl

.cywolatch      0x90100000        0x4
 *(.cywolatch)
 .cywolatch     0x90100000        0x4 .\CortexM3\ARM_GCC_493\Debug\cymetadata.o
                0x90100000                cy_meta_wonvl

.cyeeprom       0x90200000        0x0
 *(.cyeeprom)
                0x00000001                ASSERT ((. <= ((0x90200000 + ee_offset) + ee_size)), .cyeeprom data will not fit in EEPROM)

.cyflashprotect
                0x90400000      0x100
 *(.cyflashprotect)
 .cyflashprotect
                0x90400000      0x100 .\CortexM3\ARM_GCC_493\Debug\cymetadata.o
                0x90400000                cy_meta_flashprotect

.cymeta         0x90500000        0xc
 *(.cymeta)
 .cymeta        0x90500000        0xc .\CortexM3\ARM_GCC_493\Debug\cymetadata.o
                0x90500000                cy_metadata

.rel.dyn        0x00008300        0x0 load address 0x9050000c
 .rel.iplt      0x00000000        0x0 c:/program files (x86)/cypress/psoc creator/4.0/psoc creator/import/gnu/arm/4.9.3/bin/../lib/gcc/arm-none-eabi/4.9.3/armv7-m/crtbegin.o

.stab           0x00000000       0x6c
 *(.stab)
 .stab          0x00000000       0x24 c:/program files (x86)/cypress/psoc creator/4.0/psoc creator/import/gnu/arm/4.9.3/bin/../lib/gcc/arm-none-eabi/4.9.3/../../../../arm-none-eabi/lib/armv7-m\libnosys.a(close.o)
 .stab          0x00000024       0x18 c:/program files (x86)/cypress/psoc creator/4.0/psoc creator/import/gnu/arm/4.9.3/bin/../lib/gcc/arm-none-eabi/4.9.3/../../../../arm-none-eabi/lib/armv7-m\libnosys.a(fstat.o)
                                 0x24 (size before relaxing)
 .stab          0x0000003c       0x18 c:/program files (x86)/cypress/psoc creator/4.0/psoc creator/import/gnu/arm/4.9.3/bin/../lib/gcc/arm-none-eabi/4.9.3/../../../../arm-none-eabi/lib/armv7-m\libnosys.a(isatty.o)
                                 0x24 (size before relaxing)
 .stab          0x00000054       0x18 c:/program files (x86)/cypress/psoc creator/4.0/psoc creator/import/gnu/arm/4.9.3/bin/../lib/gcc/arm-none-eabi/4.9.3/../../../../arm-none-eabi/lib/armv7-m\libnosys.a(lseek.o)
                                 0x24 (size before relaxing)

.stabstr        0x00000000       0xe3
 *(.stabstr)
 .stabstr       0x00000000       0xe3 c:/program files (x86)/cypress/psoc creator/4.0/psoc creator/import/gnu/arm/4.9.3/bin/../lib/gcc/arm-none-eabi/4.9.3/../../../../arm-none-eabi/lib/armv7-m\libnosys.a(close.o)

.debug
 *(.debug)

.line
 *(.line)

.debug_srcinfo
 *(.debug_srcinfo)

.debug_sfnames
 *(.debug_sfnames)

.debug_aranges  0x00000000     0x1280
 *(.debug_aranges)
 .debug_aranges
                0x00000000       0x30 .\CortexM3\ARM_GCC_493\Debug\main.o
 .debug_aranges
                0x00000030       0x20 .\CortexM3\ARM_GCC_493\Debug\Accel.o
 .debug_aranges
                0x00000050       0x20 .\CortexM3\ARM_GCC_493\Debug\Ambient.o
 .debug_aranges
                0x00000070       0x20 .\CortexM3\ARM_GCC_493\Debug\Gyro.o
 .debug_aranges
                0x00000090       0x30 .\CortexM3\ARM_GCC_493\Debug\I2C_made.o
 .debug_aranges
                0x000000c0       0x40 .\CortexM3\ARM_GCC_493\Debug\IR.o
 .debug_aranges
                0x00000100       0x20 .\CortexM3\ARM_GCC_493\Debug\Magnet.o
 .debug_aranges
                0x00000120       0x58 .\CortexM3\ARM_GCC_493\Debug\Motor.o
 .debug_aranges
                0x00000178       0x30 .\CortexM3\ARM_GCC_493\Debug\Nunchuk.o
 .debug_aranges
                0x000001a8       0x40 .\CortexM3\ARM_GCC_493\Debug\Reflectance.o
 .debug_aranges
                0x000001e8       0x38 .\CortexM3\ARM_GCC_493\Debug\Ultra.o
 .debug_aranges
                0x00000220       0x78 .\CortexM3\ARM_GCC_493\Debug\Beep.o
 .debug_aranges
                0x00000298       0x18 .\CortexM3\ARM_GCC_493\Debug\cymetadata.o
 .debug_aranges
                0x000002b0       0x48 .\CortexM3\ARM_GCC_493\Debug\Cm3Start.o
 .debug_aranges
                0x000002f8       0x58 .\CortexM3\ARM_GCC_493\Debug\ZumoBot.a(cyfitter_cfg.o)
 .debug_aranges
                0x00000350       0xa8 .\CortexM3\ARM_GCC_493\Debug\ZumoBot.a(PWM.o)
 .debug_aranges
                0x000003f8       0x38 .\CortexM3\ARM_GCC_493\Debug\ZumoBot.a(I2C.o)
 .debug_aranges
                0x00000430       0x20 .\CortexM3\ARM_GCC_493\Debug\ZumoBot.a(I2C_INT.o)
 .debug_aranges
                0x00000450       0x38 .\CortexM3\ARM_GCC_493\Debug\ZumoBot.a(I2C_PM.o)
 .debug_aranges
                0x00000488       0x80 .\CortexM3\ARM_GCC_493\Debug\ZumoBot.a(I2C_MASTER.o)
 .debug_aranges
                0x00000508      0x2a0 .\CortexM3\ARM_GCC_493\Debug\ZumoBot.a(CyLib.o)
 .debug_aranges
                0x000007a8       0x98 .\CortexM3\ARM_GCC_493\Debug\ZumoBot.a(cyPm.o)
 .debug_aranges
                0x00000840       0x38 .\CortexM3\ARM_GCC_493\Debug\ZumoBot.a(MotorDirLeft.o)
 .debug_aranges
                0x00000878       0x38 .\CortexM3\ARM_GCC_493\Debug\ZumoBot.a(MotorDirRight.o)
 .debug_aranges
                0x000008b0       0x38 .\CortexM3\ARM_GCC_493\Debug\ZumoBot.a(IR_led.o)
 .debug_aranges
                0x000008e8       0x80 .\CortexM3\ARM_GCC_493\Debug\ZumoBot.a(sensor_isr.o)
 .debug_aranges
                0x00000968       0xf0 .\CortexM3\ARM_GCC_493\Debug\ZumoBot.a(UART_1.o)
 .debug_aranges
                0x00000a58       0xa8 .\CortexM3\ARM_GCC_493\Debug\ZumoBot.a(ADC_Battery.o)
 .debug_aranges
                0x00000b00       0x20 .\CortexM3\ARM_GCC_493\Debug\ZumoBot.a(ADC_Battery_INT.o)
 .debug_aranges
                0x00000b20       0x38 .\CortexM3\ARM_GCC_493\Debug\ZumoBot.a(BatteryLed.o)
 .debug_aranges
                0x00000b58       0x38 .\CortexM3\ARM_GCC_493\Debug\ZumoBot.a(IR_receiver.o)
 .debug_aranges
                0x00000b90       0x38 .\CortexM3\ARM_GCC_493\Debug\ZumoBot.a(Trig.o)
 .debug_aranges
                0x00000bc8       0x88 .\CortexM3\ARM_GCC_493\Debug\ZumoBot.a(Timer.o)
 .debug_aranges
                0x00000c50       0x38 .\CortexM3\ARM_GCC_493\Debug\ZumoBot.a(Echo.o)
 .debug_aranges
                0x00000c88       0x80 .\CortexM3\ARM_GCC_493\Debug\ZumoBot.a(ultra_isr.o)
 .debug_aranges
                0x00000d08       0x70 .\CortexM3\ARM_GCC_493\Debug\ZumoBot.a(UART_1_IntClock.o)
 .debug_aranges
                0x00000d78       0x70 .\CortexM3\ARM_GCC_493\Debug\ZumoBot.a(ADC_Battery_theACLK.o)
 .debug_aranges
                0x00000de8       0x80 .\CortexM3\ARM_GCC_493\Debug\ZumoBot.a(Buzzer_PWM.o)
 .debug_aranges
                0x00000e68       0x38 .\CortexM3\ARM_GCC_493\Debug\ZumoBot.a(L3.o)
 .debug_aranges
                0x00000ea0       0x88 .\CortexM3\ARM_GCC_493\Debug\ZumoBot.a(Timer_L3.o)
 .debug_aranges
                0x00000f28       0x88 .\CortexM3\ARM_GCC_493\Debug\ZumoBot.a(Timer_R3.o)
 .debug_aranges
                0x00000fb0       0x88 .\CortexM3\ARM_GCC_493\Debug\ZumoBot.a(Timer_R1.o)
 .debug_aranges
                0x00001038       0x38 .\CortexM3\ARM_GCC_493\Debug\ZumoBot.a(R1.o)
 .debug_aranges
                0x00001070       0x38 .\CortexM3\ARM_GCC_493\Debug\ZumoBot.a(R3.o)
 .debug_aranges
                0x000010a8       0x88 .\CortexM3\ARM_GCC_493\Debug\ZumoBot.a(Timer_L1.o)
 .debug_aranges
                0x00001130       0x38 .\CortexM3\ARM_GCC_493\Debug\ZumoBot.a(L1.o)
 .debug_aranges
                0x00001168       0x20 .\CortexM3\ARM_GCC_493\Debug\ZumoBot.a(CyBootAsmGnu.o)
 .debug_aranges
                0x00001188       0x80 .\CortexM3\ARM_GCC_493\Debug\ZumoBot.a(CyFlash.o)
 .debug_aranges
                0x00001208       0x78 .\CortexM3\ARM_GCC_493\Debug\ZumoBot.a(CySpc.o)

.debug_pubnames
 *(.debug_pubnames)

.debug_info     0x00000000     0xa7b8
 *(.debug_info .gnu.linkonce.wi.*)
 .debug_info    0x00000000      0xaf3 .\CortexM3\ARM_GCC_493\Debug\main.o
 .debug_info    0x00000af3      0x143 .\CortexM3\ARM_GCC_493\Debug\Accel.o
 .debug_info    0x00000c36      0x119 .\CortexM3\ARM_GCC_493\Debug\Ambient.o
 .debug_info    0x00000d4f      0x103 .\CortexM3\ARM_GCC_493\Debug\Gyro.o
 .debug_info    0x00000e52      0x322 .\CortexM3\ARM_GCC_493\Debug\I2C_made.o
 .debug_info    0x00001174      0x285 .\CortexM3\ARM_GCC_493\Debug\IR.o
 .debug_info    0x000013f9      0x162 .\CortexM3\ARM_GCC_493\Debug\Magnet.o
 .debug_info    0x0000155b      0x50d .\CortexM3\ARM_GCC_493\Debug\Motor.o
 .debug_info    0x00001a68      0x311 .\CortexM3\ARM_GCC_493\Debug\Nunchuk.o
 .debug_info    0x00001d79      0x540 .\CortexM3\ARM_GCC_493\Debug\Reflectance.o
 .debug_info    0x000022b9      0x6c4 .\CortexM3\ARM_GCC_493\Debug\Ultra.o
 .debug_info    0x0000297d      0x8df .\CortexM3\ARM_GCC_493\Debug\Beep.o
 .debug_info    0x0000325c      0x13f .\CortexM3\ARM_GCC_493\Debug\cymetadata.o
 .debug_info    0x0000339b      0x3b3 .\CortexM3\ARM_GCC_493\Debug\Cm3Start.o
 .debug_info    0x0000374e      0x64d .\CortexM3\ARM_GCC_493\Debug\ZumoBot.a(cyfitter_cfg.o)
 .debug_info    0x00003d9b      0x37e .\CortexM3\ARM_GCC_493\Debug\ZumoBot.a(PWM.o)
 .debug_info    0x00004119      0x2db .\CortexM3\ARM_GCC_493\Debug\ZumoBot.a(I2C.o)
 .debug_info    0x000043f4      0x17f .\CortexM3\ARM_GCC_493\Debug\ZumoBot.a(I2C_INT.o)
 .debug_info    0x00004573      0x1fe .\CortexM3\ARM_GCC_493\Debug\ZumoBot.a(I2C_PM.o)
 .debug_info    0x00004771      0x400 .\CortexM3\ARM_GCC_493\Debug\ZumoBot.a(I2C_MASTER.o)
 .debug_info    0x00004b71     0x1385 .\CortexM3\ARM_GCC_493\Debug\ZumoBot.a(CyLib.o)
 .debug_info    0x00005ef6      0xa57 .\CortexM3\ARM_GCC_493\Debug\ZumoBot.a(cyPm.o)
 .debug_info    0x0000694d      0x121 .\CortexM3\ARM_GCC_493\Debug\ZumoBot.a(MotorDirLeft.o)
 .debug_info    0x00006a6e      0x11f .\CortexM3\ARM_GCC_493\Debug\ZumoBot.a(MotorDirRight.o)
 .debug_info    0x00006b8d      0x11f .\CortexM3\ARM_GCC_493\Debug\ZumoBot.a(IR_led.o)
 .debug_info    0x00006cac      0x2cb .\CortexM3\ARM_GCC_493\Debug\ZumoBot.a(sensor_isr.o)
 .debug_info    0x00006f77      0x603 .\CortexM3\ARM_GCC_493\Debug\ZumoBot.a(UART_1.o)
 .debug_info    0x0000757a      0x5f8 .\CortexM3\ARM_GCC_493\Debug\ZumoBot.a(ADC_Battery.o)
 .debug_info    0x00007b72       0x92 .\CortexM3\ARM_GCC_493\Debug\ZumoBot.a(ADC_Battery_INT.o)
 .debug_info    0x00007c04      0x11f .\CortexM3\ARM_GCC_493\Debug\ZumoBot.a(BatteryLed.o)
 .debug_info    0x00007d23      0x121 .\CortexM3\ARM_GCC_493\Debug\ZumoBot.a(IR_receiver.o)
 .debug_info    0x00007e44      0x121 .\CortexM3\ARM_GCC_493\Debug\ZumoBot.a(Trig.o)
 .debug_info    0x00007f65      0x2ce .\CortexM3\ARM_GCC_493\Debug\ZumoBot.a(Timer.o)
 .debug_info    0x00008233      0x11f .\CortexM3\ARM_GCC_493\Debug\ZumoBot.a(Echo.o)
 .debug_info    0x00008352      0x2cb .\CortexM3\ARM_GCC_493\Debug\ZumoBot.a(ultra_isr.o)
 .debug_info    0x0000861d      0x283 .\CortexM3\ARM_GCC_493\Debug\ZumoBot.a(UART_1_IntClock.o)
 .debug_info    0x000088a0      0x283 .\CortexM3\ARM_GCC_493\Debug\ZumoBot.a(ADC_Battery_theACLK.o)
 .debug_info    0x00008b23      0x272 .\CortexM3\ARM_GCC_493\Debug\ZumoBot.a(Buzzer_PWM.o)
 .debug_info    0x00008d95      0x11f .\CortexM3\ARM_GCC_493\Debug\ZumoBot.a(L3.o)
 .debug_info    0x00008eb4      0x28e .\CortexM3\ARM_GCC_493\Debug\ZumoBot.a(Timer_L3.o)
 .debug_info    0x00009142      0x28e .\CortexM3\ARM_GCC_493\Debug\ZumoBot.a(Timer_R3.o)
 .debug_info    0x000093d0      0x28e .\CortexM3\ARM_GCC_493\Debug\ZumoBot.a(Timer_R1.o)
 .debug_info    0x0000965e      0x11f .\CortexM3\ARM_GCC_493\Debug\ZumoBot.a(R1.o)
 .debug_info    0x0000977d      0x11f .\CortexM3\ARM_GCC_493\Debug\ZumoBot.a(R3.o)
 .debug_info    0x0000989c      0x28e .\CortexM3\ARM_GCC_493\Debug\ZumoBot.a(Timer_L1.o)
 .debug_info    0x00009b2a      0x11f .\CortexM3\ARM_GCC_493\Debug\ZumoBot.a(L1.o)
 .debug_info    0x00009c49       0x7d .\CortexM3\ARM_GCC_493\Debug\ZumoBot.a(CyBootAsmGnu.o)
 .debug_info    0x00009cc6      0x608 .\CortexM3\ARM_GCC_493\Debug\ZumoBot.a(CyFlash.o)
 .debug_info    0x0000a2ce      0x4ea .\CortexM3\ARM_GCC_493\Debug\ZumoBot.a(CySpc.o)

.debug_abbrev   0x00000000     0x3818
 *(.debug_abbrev)
 .debug_abbrev  0x00000000      0x22f .\CortexM3\ARM_GCC_493\Debug\main.o
 .debug_abbrev  0x0000022f       0xb7 .\CortexM3\ARM_GCC_493\Debug\Accel.o
 .debug_abbrev  0x000002e6       0x95 .\CortexM3\ARM_GCC_493\Debug\Ambient.o
 .debug_abbrev  0x0000037b       0xa5 .\CortexM3\ARM_GCC_493\Debug\Gyro.o
 .debug_abbrev  0x00000420      0x171 .\CortexM3\ARM_GCC_493\Debug\I2C_made.o
 .debug_abbrev  0x00000591      0x146 .\CortexM3\ARM_GCC_493\Debug\IR.o
 .debug_abbrev  0x000006d7       0xe3 .\CortexM3\ARM_GCC_493\Debug\Magnet.o
 .debug_abbrev  0x000007ba      0x117 .\CortexM3\ARM_GCC_493\Debug\Motor.o
 .debug_abbrev  0x000008d1      0x151 .\CortexM3\ARM_GCC_493\Debug\Nunchuk.o
 .debug_abbrev  0x00000a22      0x155 .\CortexM3\ARM_GCC_493\Debug\Reflectance.o
 .debug_abbrev  0x00000b77      0x28e .\CortexM3\ARM_GCC_493\Debug\Ultra.o
 .debug_abbrev  0x00000e05      0x141 .\CortexM3\ARM_GCC_493\Debug\Beep.o
 .debug_abbrev  0x00000f46       0x77 .\CortexM3\ARM_GCC_493\Debug\cymetadata.o
 .debug_abbrev  0x00000fbd      0x1f7 .\CortexM3\ARM_GCC_493\Debug\Cm3Start.o
 .debug_abbrev  0x000011b4      0x212 .\CortexM3\ARM_GCC_493\Debug\ZumoBot.a(cyfitter_cfg.o)
 .debug_abbrev  0x000013c6      0x14d .\CortexM3\ARM_GCC_493\Debug\ZumoBot.a(PWM.o)
 .debug_abbrev  0x00001513      0x15c .\CortexM3\ARM_GCC_493\Debug\ZumoBot.a(I2C.o)
 .debug_abbrev  0x0000166f       0xbd .\CortexM3\ARM_GCC_493\Debug\ZumoBot.a(I2C_INT.o)
 .debug_abbrev  0x0000172c      0x12b .\CortexM3\ARM_GCC_493\Debug\ZumoBot.a(I2C_PM.o)
 .debug_abbrev  0x00001857      0x13c .\CortexM3\ARM_GCC_493\Debug\ZumoBot.a(I2C_MASTER.o)
 .debug_abbrev  0x00001993      0x296 .\CortexM3\ARM_GCC_493\Debug\ZumoBot.a(CyLib.o)
 .debug_abbrev  0x00001c29      0x1ed .\CortexM3\ARM_GCC_493\Debug\ZumoBot.a(cyPm.o)
 .debug_abbrev  0x00001e16       0x90 .\CortexM3\ARM_GCC_493\Debug\ZumoBot.a(MotorDirLeft.o)
 .debug_abbrev  0x00001ea6       0x90 .\CortexM3\ARM_GCC_493\Debug\ZumoBot.a(MotorDirRight.o)
 .debug_abbrev  0x00001f36       0x90 .\CortexM3\ARM_GCC_493\Debug\ZumoBot.a(IR_led.o)
 .debug_abbrev  0x00001fc6      0x173 .\CortexM3\ARM_GCC_493\Debug\ZumoBot.a(sensor_isr.o)
 .debug_abbrev  0x00002139      0x1a2 .\CortexM3\ARM_GCC_493\Debug\ZumoBot.a(UART_1.o)
 .debug_abbrev  0x000022db      0x1eb .\CortexM3\ARM_GCC_493\Debug\ZumoBot.a(ADC_Battery.o)
 .debug_abbrev  0x000024c6       0x42 .\CortexM3\ARM_GCC_493\Debug\ZumoBot.a(ADC_Battery_INT.o)
 .debug_abbrev  0x00002508       0x90 .\CortexM3\ARM_GCC_493\Debug\ZumoBot.a(BatteryLed.o)
 .debug_abbrev  0x00002598       0x90 .\CortexM3\ARM_GCC_493\Debug\ZumoBot.a(IR_receiver.o)
 .debug_abbrev  0x00002628       0x90 .\CortexM3\ARM_GCC_493\Debug\ZumoBot.a(Trig.o)
 .debug_abbrev  0x000026b8      0x154 .\CortexM3\ARM_GCC_493\Debug\ZumoBot.a(Timer.o)
 .debug_abbrev  0x0000280c       0x90 .\CortexM3\ARM_GCC_493\Debug\ZumoBot.a(Echo.o)
 .debug_abbrev  0x0000289c      0x173 .\CortexM3\ARM_GCC_493\Debug\ZumoBot.a(ultra_isr.o)
 .debug_abbrev  0x00002a0f      0x139 .\CortexM3\ARM_GCC_493\Debug\ZumoBot.a(UART_1_IntClock.o)
 .debug_abbrev  0x00002b48      0x139 .\CortexM3\ARM_GCC_493\Debug\ZumoBot.a(ADC_Battery_theACLK.o)
 .debug_abbrev  0x00002c81      0x12d .\CortexM3\ARM_GCC_493\Debug\ZumoBot.a(Buzzer_PWM.o)
 .debug_abbrev  0x00002dae       0x90 .\CortexM3\ARM_GCC_493\Debug\ZumoBot.a(L3.o)
 .debug_abbrev  0x00002e3e      0x11a .\CortexM3\ARM_GCC_493\Debug\ZumoBot.a(Timer_L3.o)
 .debug_abbrev  0x00002f58      0x11a .\CortexM3\ARM_GCC_493\Debug\ZumoBot.a(Timer_R3.o)
 .debug_abbrev  0x00003072      0x11a .\CortexM3\ARM_GCC_493\Debug\ZumoBot.a(Timer_R1.o)
 .debug_abbrev  0x0000318c       0x90 .\CortexM3\ARM_GCC_493\Debug\ZumoBot.a(R1.o)
 .debug_abbrev  0x0000321c       0x90 .\CortexM3\ARM_GCC_493\Debug\ZumoBot.a(R3.o)
 .debug_abbrev  0x000032ac      0x11a .\CortexM3\ARM_GCC_493\Debug\ZumoBot.a(Timer_L1.o)
 .debug_abbrev  0x000033c6       0x90 .\CortexM3\ARM_GCC_493\Debug\ZumoBot.a(L1.o)
 .debug_abbrev  0x00003456       0x14 .\CortexM3\ARM_GCC_493\Debug\ZumoBot.a(CyBootAsmGnu.o)
 .debug_abbrev  0x0000346a      0x1ed .\CortexM3\ARM_GCC_493\Debug\ZumoBot.a(CyFlash.o)
 .debug_abbrev  0x00003657      0x1c1 .\CortexM3\ARM_GCC_493\Debug\ZumoBot.a(CySpc.o)

.debug_line     0x00000000     0x4cc5
 *(.debug_line)
 .debug_line    0x00000000      0x426 .\CortexM3\ARM_GCC_493\Debug\main.o
 .debug_line    0x00000426      0x179 .\CortexM3\ARM_GCC_493\Debug\Accel.o
 .debug_line    0x0000059f       0xe3 .\CortexM3\ARM_GCC_493\Debug\Ambient.o
 .debug_line    0x00000682      0x16f .\CortexM3\ARM_GCC_493\Debug\Gyro.o
 .debug_line    0x000007f1      0x1c1 .\CortexM3\ARM_GCC_493\Debug\I2C_made.o
 .debug_line    0x000009b2      0x2a1 .\CortexM3\ARM_GCC_493\Debug\IR.o
 .debug_line    0x00000c53      0x185 .\CortexM3\ARM_GCC_493\Debug\Magnet.o